Archive member included to satisfy reference by file (symbol)

/home/nir/.eclipse/com.st.stm32cube.ide.mcu.rcp.product_1.11.0_139060369_linux_gtk_x86_64/plugins/com.st.stm32cube.ide.mcu.externaltools.gnu-tools-for-stm32.10.3-2021.10.linux64_1.0.200.202301161003/tools/bin/../lib/gcc/arm-none-eabi/10.3.1/../../../../arm-none-eabi/lib/thumb/v7e-m+fp/hard/libstdc++_nano.a(del_ops.o)
                              ./App/CommController/CommController.o (operator delete(void*, unsigned int))
/home/nir/.eclipse/com.st.stm32cube.ide.mcu.rcp.product_1.11.0_139060369_linux_gtk_x86_64/plugins/com.st.stm32cube.ide.mcu.externaltools.gnu-tools-for-stm32.10.3-2021.10.linux64_1.0.200.202301161003/tools/bin/../lib/gcc/arm-none-eabi/10.3.1/../../../../arm-none-eabi/lib/thumb/v7e-m+fp/hard/libstdc++_nano.a(new_op.o)
                              ./App/CommController/CommController.o (operator new(unsigned int))
/home/nir/.eclipse/com.st.stm32cube.ide.mcu.rcp.product_1.11.0_139060369_linux_gtk_x86_64/plugins/com.st.stm32cube.ide.mcu.externaltools.gnu-tools-for-stm32.10.3-2021.10.linux64_1.0.200.202301161003/tools/bin/../lib/gcc/arm-none-eabi/10.3.1/../../../../arm-none-eabi/lib/thumb/v7e-m+fp/hard/libstdc++_nano.a(functexcept.o)
                              ./App/CommController/CommController.o (std::__throw_bad_alloc())
/home/nir/.eclipse/com.st.stm32cube.ide.mcu.rcp.product_1.11.0_139060369_linux_gtk_x86_64/plugins/com.st.stm32cube.ide.mcu.externaltools.gnu-tools-for-stm32.10.3-2021.10.linux64_1.0.200.202301161003/tools/bin/../lib/gcc/arm-none-eabi/10.3.1/../../../../arm-none-eabi/lib/thumb/v7e-m+fp/hard/libstdc++_nano.a(functional.o)
                              ./App/CommController/CommController.o (std::__throw_bad_function_call())
/home/nir/.eclipse/com.st.stm32cube.ide.mcu.rcp.product_1.11.0_139060369_linux_gtk_x86_64/plugins/com.st.stm32cube.ide.mcu.externaltools.gnu-tools-for-stm32.10.3-2021.10.linux64_1.0.200.202301161003/tools/bin/../lib/gcc/arm-none-eabi/10.3.1/../../../../arm-none-eabi/lib/thumb/v7e-m+fp/hard/libstdc++_nano.a(snprintf_lite.o)
                              /home/nir/.eclipse/com.st.stm32cube.ide.mcu.rcp.product_1.11.0_139060369_linux_gtk_x86_64/plugins/com.st.stm32cube.ide.mcu.externaltools.gnu-tools-for-stm32.10.3-2021.10.linux64_1.0.200.202301161003/tools/bin/../lib/gcc/arm-none-eabi/10.3.1/../../../../arm-none-eabi/lib/thumb/v7e-m+fp/hard/libstdc++_nano.a(functexcept.o) (__gnu_cxx::__snprintf_lite(char*, unsigned int, char const*, std::__va_list))
/home/nir/.eclipse/com.st.stm32cube.ide.mcu.rcp.product_1.11.0_139060369_linux_gtk_x86_64/plugins/com.st.stm32cube.ide.mcu.externaltools.gnu-tools-for-stm32.10.3-2021.10.linux64_1.0.200.202301161003/tools/bin/../lib/gcc/arm-none-eabi/10.3.1/../../../../arm-none-eabi/lib/thumb/v7e-m+fp/hard/libstdc++_nano.a(del_op.o)
                              /home/nir/.eclipse/com.st.stm32cube.ide.mcu.rcp.product_1.11.0_139060369_linux_gtk_x86_64/plugins/com.st.stm32cube.ide.mcu.externaltools.gnu-tools-for-stm32.10.3-2021.10.linux64_1.0.200.202301161003/tools/bin/../lib/gcc/arm-none-eabi/10.3.1/../../../../arm-none-eabi/lib/thumb/v7e-m+fp/hard/libstdc++_nano.a(del_ops.o) (operator delete(void*))
/home/nir/.eclipse/com.st.stm32cube.ide.mcu.rcp.product_1.11.0_139060369_linux_gtk_x86_64/plugins/com.st.stm32cube.ide.mcu.externaltools.gnu-tools-for-stm32.10.3-2021.10.linux64_1.0.200.202301161003/tools/bin/../lib/gcc/arm-none-eabi/10.3.1/../../../../arm-none-eabi/lib/thumb/v7e-m+fp/hard/libstdc++_nano.a(eh_exception.o)
                              /home/nir/.eclipse/com.st.stm32cube.ide.mcu.rcp.product_1.11.0_139060369_linux_gtk_x86_64/plugins/com.st.stm32cube.ide.mcu.externaltools.gnu-tools-for-stm32.10.3-2021.10.linux64_1.0.200.202301161003/tools/bin/../lib/gcc/arm-none-eabi/10.3.1/../../../../arm-none-eabi/lib/thumb/v7e-m+fp/hard/libstdc++_nano.a(functional.o) (std::exception::~exception())
/home/nir/.eclipse/com.st.stm32cube.ide.mcu.rcp.product_1.11.0_139060369_linux_gtk_x86_64/plugins/com.st.stm32cube.ide.mcu.externaltools.gnu-tools-for-stm32.10.3-2021.10.linux64_1.0.200.202301161003/tools/bin/../lib/gcc/arm-none-eabi/10.3.1/../../../../arm-none-eabi/lib/thumb/v7e-m+fp/hard/libstdc++_nano.a(new_handler.o)
                              /home/nir/.eclipse/com.st.stm32cube.ide.mcu.rcp.product_1.11.0_139060369_linux_gtk_x86_64/plugins/com.st.stm32cube.ide.mcu.externaltools.gnu-tools-for-stm32.10.3-2021.10.linux64_1.0.200.202301161003/tools/bin/../lib/gcc/arm-none-eabi/10.3.1/../../../../arm-none-eabi/lib/thumb/v7e-m+fp/hard/libstdc++_nano.a(new_op.o) (std::get_new_handler())
/home/nir/.eclipse/com.st.stm32cube.ide.mcu.rcp.product_1.11.0_139060369_linux_gtk_x86_64/plugins/com.st.stm32cube.ide.mcu.externaltools.gnu-tools-for-stm32.10.3-2021.10.linux64_1.0.200.202301161003/tools/bin/../lib/gcc/arm-none-eabi/10.3.1/../../../../arm-none-eabi/lib/thumb/v7e-m+fp/hard/libstdc++_nano.a(pure.o)
[...]
Memory Configuration

Name             Origin             Length             Attributes
RAM              0x0000000020000000 0x0000000000020000 xrw
FLASH            0x0000000008000000 0x0000000000080000 xr
*default*        0x0000000000000000 0xffffffffffffffff

Linker script and memory map

LOAD /home/nir/.eclipse/com.st.stm32cube.ide.mcu.rcp.product_1.11.0_139060369_linux_gtk_x86_64/plugins/com.st.stm32cube.ide.mcu.externaltools.gnu-tools-for-stm32.10.3-2021.10.linux64_1.0.200.202301161003/tools/bin/../lib/gcc/arm-none-eabi/10.3.1/thumb/v7e-m+fp/hard/crti.o
LOAD /home/nir/.eclipse/com.st.stm32cube.ide.mcu.rcp.product_1.11.0_139060369_linux_gtk_x86_64/plugins/com.st.stm32cube.ide.mcu.externaltools.gnu-tools-for-stm32.10.3-2021.10.linux64_1.0.200.202301161003/tools/bin/../lib/gcc/arm-none-eabi/10.3.1/thumb/v7e-m+fp/hard/crtbegin.o
LOAD /home/nir/.eclipse/com.st.stm32cube.ide.mcu.rcp.product_1.11.0_139060369_linux_gtk_x86_64/plugins/com.st.stm32cube.ide.mcu.externaltools.gnu-tools-for-stm32.10.3-2021.10.linux64_1.0.200.202301161003/tools/bin/../lib/gcc/arm-none-eabi/10.3.1/../../../../arm-none-eabi/lib/thumb/v7e-m+fp/hard/crt0.o
LOAD ./App/CommController/CommController.o
LOAD ./App/Gripper/Gripper.o
LOAD ./App/Hardware.o
LOAD ./App/loop.o
LOAD ./App/Mlx/Mlx.o
LOAD ./Core/Src/adc.o
LOAD ./Core/Src/dma.o
LOAD ./Core/Src/gpio.o
LOAD ./Core/Src/i2c.o
LOAD ./Core/Src/main.o
LOAD ./Core/Src/stm32f4xx_hal_msp.o
LOAD ./Core/Src/stm32f4xx_it.o
LOAD ./Core/Src/syscalls.o
LOAD ./Core/Src/sysmem.o
LOAD ./Core/Src/system_stm32f4xx.o
LOAD ./Core/Src/tim.o
LOAD ./Core/Src/usart.o
LOAD ./Core/Startup/startup_stm32f411retx.o
LOAD ./Drivers/STM32F4xx_HAL_Driver/Src/stm32f4xx_hal.o
LOAD ./Drivers/STM32F4xx_HAL_Driver/Src/stm32f4xx_hal_adc.o
LOAD ./Drivers/STM32F4xx_HAL_Driver/Src/stm32f4xx_hal_adc_ex.o
LOAD ./Drivers/STM32F4xx_HAL_Driver/Src/stm32f4xx_hal_cortex.o
LOAD ./Drivers/STM32F4xx_HAL_Driver/Src/stm32f4xx_hal_dma.o
LOAD ./Drivers/STM32F4xx_HAL_Driver/Src/stm32f4xx_hal_dma_ex.o
LOAD ./Drivers/STM32F4xx_HAL_Driver/Src/stm32f4xx_hal_exti.o
LOAD ./Drivers/STM32F4xx_HAL_Driver/Src/stm32f4xx_hal_flash.o
LOAD ./Drivers/STM32F4xx_HAL_Driver/Src/stm32f4xx_hal_flash_ex.o
LOAD ./Drivers/STM32F4xx_HAL_Driver/Src/stm32f4xx_hal_flash_ramfunc.o
LOAD ./Drivers/STM32F4xx_HAL_Driver/Src/stm32f4xx_hal_gpio.o
LOAD ./Drivers/STM32F4xx_HAL_Driver/Src/stm32f4xx_hal_i2c.o
LOAD ./Drivers/STM32F4xx_HAL_Driver/Src/stm32f4xx_hal_i2c_ex.o
LOAD ./Drivers/STM32F4xx_HAL_Driver/Src/stm32f4xx_hal_pwr.o
LOAD ./Drivers/STM32F4xx_HAL_Driver/Src/stm32f4xx_hal_pwr_ex.o
LOAD ./Drivers/STM32F4xx_HAL_Driver/Src/stm32f4xx_hal_rcc.o
LOAD ./Drivers/STM32F4xx_HAL_Driver/Src/stm32f4xx_hal_rcc_ex.o
LOAD ./Drivers/STM32F4xx_HAL_Driver/Src/stm32f4xx_hal_tim.o
LOAD ./Drivers/STM32F4xx_HAL_Driver/Src/stm32f4xx_hal_tim_ex.o
LOAD ./Drivers/STM32F4xx_HAL_Driver/Src/stm32f4xx_hal_uart.o
LOAD ./Drivers/STM32F4xx_HAL_Driver/Src/stm32f4xx_ll_adc.o
START GROUP
LOAD /home/nir/.eclipse/com.st.stm32cube.ide.mcu.rcp.product_1.11.0_139060369_linux_gtk_x86_64/plugins/com.st.stm32cube.ide.mcu.externaltools.gnu-tools-for-stm32.10.3-2021.10.linux64_1.0.200.202301161003/tools/bin/../lib/gcc/arm-none-eabi/10.3.1/../../../../arm-none-eabi/lib/thumb/v7e-m+fp/hard/libstdc++_nano.a
LOAD /home/nir/.eclipse/com.st.stm32cube.ide.mcu.rcp.product_1.11.0_139060369_linux_gtk_x86_64/plugins/com.st.stm32cube.ide.mcu.externaltools.gnu-tools-for-stm32.10.3-2021.10.linux64_1.0.200.202301161003/tools/bin/../lib/gcc/arm-none-eabi/10.3.1/../../../../arm-none-eabi/lib/thumb/v7e-m+fp/hard/libsupc++_nano.a
END GROUP
LOAD /home/nir/.eclipse/com.st.stm32cube.ide.mcu.rcp.product_1.11.0_139060369_linux_gtk_x86_64/plugins/com.st.stm32cube.ide.mcu.externaltools.gnu-tools-for-stm32.10.3-2021.10.linux64_1.0.200.202301161003/tools/bin/../lib/gcc/arm-none-eabi/10.3.1/../../../../arm-none-eabi/lib/thumb/v7e-m+fp/hard/libstdc++_nano.a
LOAD /home/nir/.eclipse/com.st.stm32cube.ide.mcu.rcp.product_1.11.0_139060369_linux_gtk_x86_64/plugins/com.st.stm32cube.ide.mcu.externaltools.gnu-tools-for-stm32.10.3-2021.10.linux64_1.0.200.202301161003/tools/bin/../lib/gcc/arm-none-eabi/10.3.1/../../../../arm-none-eabi/lib/thumb/v7e-m+fp/hard/libm.a
LOAD /home/nir/.eclipse/com.st.stm32cube.ide.mcu.rcp.product_1.11.0_139060369_linux_gtk_x86_64/plugins/com.st.stm32cube.ide.mcu.externaltools.gnu-tools-for-stm32.10.3-2021.10.linux64_1.0.200.202301161003/tools/bin/../lib/gcc/arm-none-eabi/10.3.1/../../../../arm-none-eabi/lib/thumb/v7e-m+fp/hard/libc_nano.a
START GROUP
LOAD /home/nir/.eclipse/com.st.stm32cube.ide.mcu.rcp.product_1.11.0_139060369_linux_gtk_x86_64/plugins/com.st.stm32cube.ide.mcu.externaltools.gnu-tools-for-stm32.10.3-2021.10.linux64_1.0.200.202301161003/tools/bin/../lib/gcc/arm-none-eabi/10.3.1/thumb/v7e-m+fp/hard/libgcc.a
LOAD /home/nir/.eclipse/com.st.stm32cube.ide.mcu.rcp.product_1.11.0_139060369_linux_gtk_x86_64/plugins/com.st.stm32cube.ide.mcu.externaltools.gnu-tools-for-stm32.10.3-2021.10.linux64_1.0.200.202301161003/tools/bin/../lib/gcc/arm-none-eabi/10.3.1/../../../../arm-none-eabi/lib/thumb/v7e-m+fp/hard/libc_nano.a
END GROUP
START GROUP
LOAD /home/nir/.eclipse/com.st.stm32cube.ide.mcu.rcp.product_1.11.0_139060369_linux_gtk_x86_64/plugins/com.st.stm32cube.ide.mcu.externaltools.gnu-tools-for-stm32.10.3-2021.10.linux64_1.0.200.202301161003/tools/bin/../lib/gcc/arm-none-eabi/10.3.1/thumb/v7e-m+fp/hard/libgcc.a
LOAD /home/nir/.eclipse/com.st.stm32cube.ide.mcu.rcp.product_1.11.0_139060369_linux_gtk_x86_64/plugins/com.st.stm32cube.ide.mcu.externaltools.gnu-tools-for-stm32.10.3-2021.10.linux64_1.0.200.202301161003/tools/bin/../lib/gcc/arm-none-eabi/10.3.1/../../../../arm-none-eabi/lib/thumb/v7e-m+fp/hard/libc_nano.a
LOAD /home/nir/.eclipse/com.st.stm32cube.ide.mcu.rcp.product_1.11.0_139060369_linux_gtk_x86_64/plugins/com.st.stm32cube.ide.mcu.externaltools.gnu-tools-for-stm32.10.3-2021.10.linux64_1.0.200.202301161003/tools/bin/../lib/gcc/arm-none-eabi/10.3.1/../../../../arm-none-eabi/lib/thumb/v7e-m+fp/hard/libnosys.a
END GROUP
START GROUP
LOAD /home/nir/.eclipse/com.st.stm32cube.ide.mcu.rcp.product_1.11.0_139060369_linux_gtk_x86_64/plugins/com.st.stm32cube.ide.mcu.externaltools.gnu-tools-for-stm32.10.3-2021.10.linux64_1.0.200.202301161003/tools/bin/../lib/gcc/arm-none-eabi/10.3.1/thumb/v7e-m+fp/hard/libgcc.a
LOAD /home/nir/.eclipse/com.st.stm32cube.ide.mcu.rcp.product_1.11.0_139060369_linux_gtk_x86_64/plugins/com.st.stm32cube.ide.mcu.externaltools.gnu-tools-for-stm32.10.3-2021.10.linux64_1.0.200.202301161003/tools/bin/../lib/gcc/arm-none-eabi/10.3.1/../../../../arm-none-eabi/lib/thumb/v7e-m+fp/hard/libc_nano.a
LOAD /home/nir/.eclipse/com.st.stm32cube.ide.mcu.rcp.product_1.11.0_139060369_linux_gtk_x86_64/plugins/com.st.stm32cube.ide.mcu.externaltools.gnu-tools-for-stm32.10.3-2021.10.linux64_1.0.200.202301161003/tools/bin/../lib/gcc/arm-none-eabi/10.3.1/../../../../arm-none-eabi/lib/thumb/v7e-m+fp/hard/libnosys.a
END GROUP
LOAD /home/nir/.eclipse/com.st.stm32cube.ide.mcu.rcp.product_1.11.0_139060369_linux_gtk_x86_64/plugins/com.st.stm32cube.ide.mcu.externaltools.gnu-tools-for-stm32.10.3-2021.10.linux64_1.0.200.202301161003/tools/bin/../lib/gcc/arm-none-eabi/10.3.1/thumb/v7e-m+fp/hard/crtend.o
LOAD /home/nir/.eclipse/com.st.stm32cube.ide.mcu.rcp.product_1.11.0_139060369_linux_gtk_x86_64/plugins/com.st.stm32cube.ide.mcu.externaltools.gnu-tools-for-stm32.10.3-2021.10.linux64_1.0.200.202301161003/tools/bin/../lib/gcc/arm-none-eabi/10.3.1/thumb/v7e-m+fp/hard/crtn.o
                0x0000000020020000                _estack = (ORIGIN (RAM) + LENGTH (RAM))
                0x0000000000000200                _Min_Heap_Size = 0x200
                0x0000000000000400                _Min_Stack_Size = 0x400

.isr_vector     0x0000000008000000      0x198
                0x0000000008000000                . = ALIGN (0x4)
 *(.isr_vector)
 .isr_vector    0x0000000008000000      0x198 ./Core/Startup/startup_stm32f411retx.o
                0x0000000008000000                g_pfnVectors
                0x0000000008000198                . = ALIGN (0x4)

.text           0x0000000008000198     0x7c1c
                0x0000000008000198                . = ALIGN (0x4)
 *(.text)
 .text          0x0000000008000198       0x40 /home/nir/.eclipse/com.st.stm32cube.ide.mcu.rcp.product_1.11.0_139060369_linux_gtk_x86_64/plugins/com.st.stm32cube.ide.mcu.externaltools.gnu-tools-for-stm32.10.3-2021.10.linux64_1.0.200.202301161003/tools/bin/../lib/gcc/arm-none-eabi/10.3.1/thumb/v7e-m+fp/hard/crtbegin.o
 .text          0x00000000080001d8       0x30 /home/nir/.eclipse/com.st.stm32cube.ide.mcu.rcp.product_1.11.0_139060369_linux_gtk_x86_64/plugins/com.st.stm32cube.ide.mcu.externaltools.gnu-tools-for-stm32.10.3-2021.10.linux64_1.0.200.202301161003/tools/bin/../lib/gcc/arm-none-eabi/10.3.1/thumb/v7e-m+fp/hard/libgcc.a(_aeabi_uldivmod.o)
                0x00000000080001d8                __aeabi_uldivmod
 .text          0x0000000008000208      0x2d0 /home/nir/.eclipse/com.st.stm32cube.ide.mcu.rcp.product_1.11.0_139060369_linux_gtk_x86_64/plugins/com.st.stm32cube.ide.mcu.externaltools.gnu-tools-for-stm32.10.3-2021.10.linux64_1.0.200.202301161003/tools/bin/../lib/gcc/arm-none-eabi/10.3.1/thumb/v7e-m+fp/hard/libgcc.a(_udivmoddi4.o)
                0x0000000008000208                __udivmoddi4
 .text          0x00000000080004d8        0x4 /home/nir/.eclipse/com.st.stm32cube.ide.mcu.rcp.product_1.11.0_139060369_linux_gtk_x86_64/plugins/com.st.stm32cube.ide.mcu.externaltools.gnu-tools-for-stm32.10.3-2021.10.linux64_1.0.200.202301161003/tools/bin/../lib/gcc/arm-none-eabi/10.3.1/thumb/v7e-m+fp/hard/libgcc.a(_dvmd_tls.o)
                0x00000000080004d8                __aeabi_ldiv0
                0x00000000080004d8                __aeabi_idiv0
 *(.text*)
 .text._ZSt17__size_to_integerj
                0x00000000080004dc       0x16 ./App/CommController/CommController.o
                0x00000000080004dc                std::__size_to_integer(unsigned int)
 .text._ZNSt14_Function_baseC2Ev
                0x00000000080004f2       0x1c ./App/CommController/CommController.o
                0x00000000080004f2                std::_Function_base::_Function_base()
                0x00000000080004f2                std::_Function_base::_Function_base()
 .text._ZNKSt14_Function_base8_M_emptyEv
                0x000000000800050e       0x22 ./App/CommController/CommController.o
                0x000000000800050e                std::_Function_base::_M_empty() const
 .text._ZN15CommandFromHostC2Ev
                0x0000000008000530       0x16 ./App/CommController/CommController.o
                0x0000000008000530                CommandFromHost::CommandFromHost()
                0x0000000008000530                CommandFromHost::CommandFromHost()
 .text._ZN15CommandFromHostD2Ev
                0x0000000008000546       0x16 ./App/CommController/CommController.o
                0x0000000008000546                CommandFromHost::~CommandFromHost()
                0x0000000008000546                CommandFromHost::~CommandFromHost()
 .text._ZN9RS485CommC2Ev
                0x000000000800055c       0xc2 ./App/CommController/CommController.o
                0x000000000800055c                RS485Comm::RS485Comm()
                0x000000000800055c                RS485Comm::RS485Comm()
 *fill*         0x000000000800061e        0x2 
 .text._ZN9RS485Comm7ReceiveEv
                0x0000000008000620       0x44 ./App/CommController/CommController.o
                0x0000000008000620                RS485Comm::Receive()
 .text._ZN9RS485Comm8initCommEv
                0x0000000008000664       0x44 ./App/CommController/CommController.o
                0x0000000008000664                RS485Comm::initComm()
 .text._ZN9RS485Comm10count_onesEPhi
                0x00000000080006a8       0x60 ./App/CommController/CommController.o
                0x00000000080006a8                RS485Comm::count_ones(unsigned char*, int)
 .text._ZN9RS485Comm12readFromHostEv
                0x0000000008000708       0xc0 ./App/CommController/CommController.o
                0x0000000008000708                RS485Comm::readFromHost()
 .text._ZN9RS485Comm7sendResE14ResponseToHost
                0x00000000080007c8      0x1b0 ./App/CommController/CommController.o
                0x00000000080007c8                RS485Comm::sendRes(ResponseToHost)
 .text._ZNSt8functionIFv15CommandFromHostEEC2Ev
                0x0000000008000978       0x1a ./App/CommController/CommController.o
                0x0000000008000978                std::function<void (CommandFromHost)>::function()
                0x0000000008000978                std::function<void (CommandFromHost)>::function()
 .text._ZNKSt8functionIFv15CommandFromHostEEclES0_
                0x0000000008000992       0x38 ./App/CommController/CommController.o
                0x0000000008000992                std::function<void (CommandFromHost)>::operator()(CommandFromHost) const
 .text._ZSt4findIPhhET_S1_S1_RKT0_
                0x00000000080009ca       0x28 ./App/CommController/CommController.o
                0x00000000080009ca                unsigned char* std::find<unsigned char*, unsigned char>(unsigned char*, unsigned char*, unsigned char const&)
 .text._ZSt8distanceIPhENSt15iterator_traitsIT_E15difference_typeES2_S2_
                0x00000000080009f2       0x28 ./App/CommController/CommController.o
                0x00000000080009f2                std::iterator_traits<unsigned char*>::difference_type std::distance<unsigned char*>(unsigned char*, unsigned char*)
 .text._ZNSaIhEC2Ev
                0x0000000008000a1a       0x18 ./App/CommController/CommController.o
                0x0000000008000a1a                std::allocator<unsigned char>::allocator()
                0x0000000008000a1a                std::allocator<unsigned char>::allocator()
 .text._ZNSaIhED2Ev
                0x0000000008000a32       0x18 ./App/CommController/CommController.o
                0x0000000008000a32                std::allocator<unsigned char>::~allocator()
                0x0000000008000a32                std::allocator<unsigned char>::~allocator()
 .text._ZNSt6vectorIhSaIhEEC2EjRKS0_
                0x0000000008000a4a       0x34 ./App/CommController/CommController.o
                0x0000000008000a4a                std::vector<unsigned char, std::allocator<unsigned char> >::vector(unsigned int, std::allocator<unsigned char> const&)
                0x0000000008000a4a                std::vector<unsigned char, std::allocator<unsigned char> >::vector(unsigned int, std::allocator<unsigned char> const&)
 .text._ZNSt6vectorIhSaIhEED2Ev
                0x0000000008000a7e       0x36 ./App/CommController/CommController.o
                0x0000000008000a7e                std::vector<unsigned char, std::allocator<unsigned char> >::~vector()
                0x0000000008000a7e                std::vector<unsigned char, std::allocator<unsigned char> >::~vector()
 .text._ZNSt6vectorIhSaIhEE5beginEv
                0x0000000008000ab4       0x20 ./App/CommController/CommController.o
                0x0000000008000ab4                std::vector<unsigned char, std::allocator<unsigned char> >::begin()
 .text._ZSt4copyIPhN9__gnu_cxx17__normal_iteratorIS0_St6vectorIhSaIhEEEEET0_T_S8_S7_
                0x0000000008000ad4       0x30 ./App/CommController/CommController.o
                0x0000000008000ad4                __gnu_cxx::__normal_iterator<unsigned char*, std::vector<unsigned char, std::allocator<unsigned char> > > std::copy<unsigned char*, __gnu_cxx::__normal_iterator<unsigned char*, std::vector<unsigned char, std::allocator<unsigned char> > > >(unsigned char*, unsigned char*, __gnu_cxx::__normal_iterator<unsigned char*, std::vector<unsigned char, std::allocator<unsigned char> > >)
 .text._ZNSt6vectorIhSaIhEE4dataEv
                0x0000000008000b04       0x1e ./App/CommController/CommController.o
                0x0000000008000b04                std::vector<unsigned char, std::allocator<unsigned char> >::data()
 .text._ZSt7forwardI15CommandFromHostEOT_RNSt16remove_referenceIS1_E4typeE
                0x0000000008000b22       0x16 ./App/CommController/CommController.o
                0x0000000008000b22                CommandFromHost&& std::forward<CommandFromHost>(std::remove_reference<CommandFromHost>::type&)
 .text._ZN9__gnu_cxx5__ops17__iter_equals_valIKhEENS0_16_Iter_equals_valIT_EERS4_
                0x0000000008000b38       0x1e ./App/CommController/CommController.o
                0x0000000008000b38                __gnu_cxx::__ops::_Iter_equals_val<unsigned char const> __gnu_cxx::__ops::__iter_equals_val<unsigned char const>(unsigned char const&)
 .text._ZSt9__find_ifIPhN9__gnu_cxx5__ops16_Iter_equals_valIKhEEET_S6_S6_T0_
                0x0000000008000b56       0x2e ./App/CommController/CommController.o
                0x0000000008000b56                unsigned char* std::__find_if<unsigned char*, __gnu_cxx::__ops::_Iter_equals_val<unsigned char const> >(unsigned char*, unsigned char*, __gnu_cxx::__ops::_Iter_equals_val<unsigned char const>)
 .text._ZSt19__iterator_categoryIPhENSt15iterator_traitsIT_E17iterator_categoryERKS2_
                0x0000000008000b84       0x16 ./App/CommController/CommController.o
                0x0000000008000b84                std::iterator_traits<unsigned char*>::iterator_category std::__iterator_category<unsigned char*>(unsigned char* const&)
 .text._ZSt10__distanceIPhENSt15iterator_traitsIT_E15difference_typeES2_S2_St26random_access_iterator_tag
                0x0000000008000b9a       0x1e ./App/CommController/CommController.o
                0x0000000008000b9a                std::iterator_traits<unsigned char*>::difference_type std::__distance<unsigned char*>(unsigned char*, unsigned char*, std::random_access_iterator_tag)
 .text._ZN9__gnu_cxx13new_allocatorIhEC2Ev
                0x0000000008000bb8       0x16 ./App/CommController/CommController.o
                0x0000000008000bb8                __gnu_cxx::new_allocator<unsigned char>::new_allocator()
                0x0000000008000bb8                __gnu_cxx::new_allocator<unsigned char>::new_allocator()
 .text._ZN9__gnu_cxx13new_allocatorIhED2Ev
                0x0000000008000bce       0x16 ./App/CommController/CommController.o
                0x0000000008000bce                __gnu_cxx::new_allocator<unsigned char>::~new_allocator()
                0x0000000008000bce                __gnu_cxx::new_allocator<unsigned char>::~new_allocator()
 .text._ZNSt6vectorIhSaIhEE17_S_check_init_lenEjRKS0_
                0x0000000008000be4       0x50 ./App/CommController/CommController.o
                0x0000000008000be4                std::vector<unsigned char, std::allocator<unsigned char> >::_S_check_init_len(unsigned int, std::allocator<unsigned char> const&)
 .text._ZNSt12_Vector_baseIhSaIhEE12_Vector_implD2Ev
                0x0000000008000c34       0x18 ./App/CommController/CommController.o
                0x0000000008000c34                std::_Vector_base<unsigned char, std::allocator<unsigned char> >::_Vector_impl::~_Vector_impl()
                0x0000000008000c34                std::_Vector_base<unsigned char, std::allocator<unsigned char> >::_Vector_impl::~_Vector_impl()
 .text._ZNSt12_Vector_baseIhSaIhEEC2EjRKS0_
                0x0000000008000c4c       0x28 ./App/CommController/CommController.o
                0x0000000008000c4c                std::_Vector_base<unsigned char, std::allocator<unsigned char> >::_Vector_base(unsigned int, std::allocator<unsigned char> const&)
                0x0000000008000c4c                std::_Vector_base<unsigned char, std::allocator<unsigned char> >::_Vector_base(unsigned int, std::allocator<unsigned char> const&)
 .text._ZNSt12_Vector_baseIhSaIhEED2Ev
                0x0000000008000c74       0x30 ./App/CommController/CommController.o
                0x0000000008000c74                std::_Vector_base<unsigned char, std::allocator<unsigned char> >::~_Vector_base()
                0x0000000008000c74                std::_Vector_base<unsigned char, std::allocator<unsigned char> >::~_Vector_base()
 .text._ZNSt6vectorIhSaIhEE21_M_default_initializeEj
                0x0000000008000ca4       0x30 ./App/CommController/CommController.o
                0x0000000008000ca4                std::vector<unsigned char, std::allocator<unsigned char> >::_M_default_initialize(unsigned int)
 .text._ZNSt12_Vector_baseIhSaIhEE19_M_get_Tp_allocatorEv
                0x0000000008000cd4       0x16 ./App/CommController/CommController.o
                0x0000000008000cd4                std::_Vector_base<unsigned char, std::allocator<unsigned char> >::_M_get_Tp_allocator()
 .text._ZSt8_DestroyIPhhEvT_S1_RSaIT0_E
                0x0000000008000cea       0x1c ./App/CommController/CommController.o
                0x0000000008000cea                void std::_Destroy<unsigned char*, unsigned char>(unsigned char*, unsigned char*, std::allocator<unsigned char>&)
 .text._ZN9__gnu_cxx17__normal_iteratorIPhSt6vectorIhSaIhEEEC2ERKS1_
                0x0000000008000d06       0x20 ./App/CommController/CommController.o
                0x0000000008000d06                __gnu_cxx::__normal_iterator<unsigned char*, std::vector<unsigned char, std::allocator<unsigned char> > >::__normal_iterator(unsigned char* const&)
                0x0000000008000d06                __gnu_cxx::__normal_iterator<unsigned char*, std::vector<unsigned char, std::allocator<unsigned char> > >::__normal_iterator(unsigned char* const&)
 .text._ZSt12__miter_baseIPhET_S1_
                0x0000000008000d26       0x16 ./App/CommController/CommController.o
                0x0000000008000d26                unsigned char* std::__miter_base<unsigned char*>(unsigned char*)
 .text._ZSt13__copy_move_aILb0EPhN9__gnu_cxx17__normal_iteratorIS0_St6vectorIhSaIhEEEEET1_T0_S8_S7_
                0x0000000008000d3c       0x42 ./App/CommController/CommController.o
                0x0000000008000d3c                __gnu_cxx::__normal_iterator<unsigned char*, std::vector<unsigned char, std::allocator<unsigned char> > > std::__copy_move_a<false, unsigned char*, __gnu_cxx::__normal_iterator<unsigned char*, std::vector<unsigned char, std::allocator<unsigned char> > > >(unsigned char*, unsigned char*, __gnu_cxx::__normal_iterator<unsigned char*, std::vector<unsigned char, std::allocator<unsigned char> > >)
 .text._ZNKSt6vectorIhSaIhEE11_M_data_ptrIhEEPT_S4_
                0x0000000008000d7e       0x18 ./App/CommController/CommController.o
                0x0000000008000d7e                unsigned char* std::vector<unsigned char, std::allocator<unsigned char> >::_M_data_ptr<unsigned char>(unsigned char*) const
 .text._ZN9__gnu_cxx5__ops16_Iter_equals_valIKhEC2ERS2_
                0x0000000008000d96       0x1e ./App/CommController/CommController.o
                0x0000000008000d96                __gnu_cxx::__ops::_Iter_equals_val<unsigned char const>::_Iter_equals_val(unsigned char const&)
                0x0000000008000d96                __gnu_cxx::__ops::_Iter_equals_val<unsigned char const>::_Iter_equals_val(unsigned char const&)
 .text._ZSt9__find_ifIPhN9__gnu_cxx5__ops16_Iter_equals_valIKhEEET_S6_S6_T0_St26random_access_iterator_tag
                0x0000000008000db4       0xfe ./App/CommController/CommController.o
                0x0000000008000db4                unsigned char* std::__find_if<unsigned char*, __gnu_cxx::__ops::_Iter_equals_val<unsigned char const> >(unsigned char*, unsigned char*, __gnu_cxx::__ops::_Iter_equals_val<unsigned char const>, std::random_access_iterator_tag)
 .text._ZNSt6vectorIhSaIhEE11_S_max_sizeERKS0_
                0x0000000008000eb2       0x34 ./App/CommController/CommController.o
                0x0000000008000eb2                std::vector<unsigned char, std::allocator<unsigned char> >::_S_max_size(std::allocator<unsigned char> const&)
 .text._ZNSaIhEC2ERKS_
                0x0000000008000ee6       0x1c ./App/CommController/CommController.o
                0x0000000008000ee6                std::allocator<unsigned char>::allocator(std::allocator<unsigned char> const&)
                0x0000000008000ee6                std::allocator<unsigned char>::allocator(std::allocator<unsigned char> const&)
 .text._ZNSt12_Vector_baseIhSaIhEE12_Vector_implC2ERKS0_
                0x0000000008000f02       0x24 ./App/CommController/CommController.o
                0x0000000008000f02                std::_Vector_base<unsigned char, std::allocator<unsigned char> >::_Vector_impl::_Vector_impl(std::allocator<unsigned char> const&)
                0x0000000008000f02                std::_Vector_base<unsigned char, std::allocator<unsigned char> >::_Vector_impl::_Vector_impl(std::allocator<unsigned char> const&)
 .text._ZNSt12_Vector_baseIhSaIhEE17_M_create_storageEj
                0x0000000008000f26       0x34 ./App/CommController/CommController.o
                0x0000000008000f26                std::_Vector_base<unsigned char, std::allocator<unsigned char> >::_M_create_storage(unsigned int)
 .text._ZNSt12_Vector_baseIhSaIhEE13_M_deallocateEPhj
                0x0000000008000f5a       0x26 ./App/CommController/CommController.o
                0x0000000008000f5a                std::_Vector_base<unsigned char, std::allocator<unsigned char> >::_M_deallocate(unsigned char*, unsigned int)
 .text._ZSt27__uninitialized_default_n_aIPhjhET_S1_T0_RSaIT1_E
                0x0000000008000f80       0x1e ./App/CommController/CommController.o
                0x0000000008000f80                unsigned char* std::__uninitialized_default_n_a<unsigned char*, unsigned int, unsigned char>(unsigned char*, unsigned int, std::allocator<unsigned char>&)
 .text._ZSt8_DestroyIPhEvT_S1_
                0x0000000008000f9e       0x1a ./App/CommController/CommController.o
                0x0000000008000f9e                void std::_Destroy<unsigned char*>(unsigned char*, unsigned char*)
 .text._ZSt12__niter_baseIPhET_S1_
                0x0000000008000fb8       0x16 ./App/CommController/CommController.o
                0x0000000008000fb8                unsigned char* std::__niter_base<unsigned char*>(unsigned char*)
 .text._ZSt12__niter_baseIPhSt6vectorIhSaIhEEET_N9__gnu_cxx17__normal_iteratorIS4_T0_EE
                0x0000000008000fce       0x1c ./App/CommController/CommController.o
                0x0000000008000fce                unsigned char* std::__niter_base<unsigned char*, std::vector<unsigned char, std::allocator<unsigned char> > >(__gnu_cxx::__normal_iterator<unsigned char*, std::vector<unsigned char, std::allocator<unsigned char> > >)
 .text._ZSt14__copy_move_a1ILb0EPhS0_ET1_T0_S2_S1_
                0x0000000008000fea       0x20 ./App/CommController/CommController.o
                0x0000000008000fea                unsigned char* std::__copy_move_a1<false, unsigned char*, unsigned char*>(unsigned char*, unsigned char*, unsigned char*)
 .text._ZSt12__niter_wrapIN9__gnu_cxx17__normal_iteratorIPhSt6vectorIhSaIhEEEES2_ET_S7_T0_
                0x000000000800100a       0x2a ./App/CommController/CommController.o
                0x000000000800100a                __gnu_cxx::__normal_iterator<unsigned char*, std::vector<unsigned char, std::allocator<unsigned char> > > std::__niter_wrap<__gnu_cxx::__normal_iterator<unsigned char*, std::vector<unsigned char, std::allocator<unsigned char> > >, unsigned char*>(__gnu_cxx::__normal_iterator<unsigned char*, std::vector<unsigned char, std::allocator<unsigned char> > >, unsigned char*)
 .text._ZN9__gnu_cxx5__ops16_Iter_equals_valIKhEclIPhEEbT_
                0x0000000008001034       0x2a ./App/CommController/CommController.o
                0x0000000008001034                bool __gnu_cxx::__ops::_Iter_equals_val<unsigned char const>::operator()<unsigned char*>(unsigned char*)
 .text._ZNSt16allocator_traitsISaIhEE8max_sizeERKS0_
                0x000000000800105e       0x18 ./App/CommController/CommController.o
                0x000000000800105e                std::allocator_traits<std::allocator<unsigned char> >::max_size(std::allocator<unsigned char> const&)
 .text._ZSt3minIjERKT_S2_S2_
                0x0000000008001076       0x28 ./App/CommController/CommController.o
                0x0000000008001076                unsigned int const& std::min<unsigned int>(unsigned int const&, unsigned int const&)
 .text._ZN9__gnu_cxx13new_allocatorIhEC2ERKS1_
                0x000000000800109e       0x18 ./App/CommController/CommController.o
                0x000000000800109e                __gnu_cxx::new_allocator<unsigned char>::new_allocator(__gnu_cxx::new_allocator<unsigned char> const&)
                0x000000000800109e                __gnu_cxx::new_allocator<unsigned char>::new_allocator(__gnu_cxx::new_allocator<unsigned char> const&)
 .text._ZNSt12_Vector_baseIhSaIhEE17_Vector_impl_dataC2Ev
                0x00000000080010b6       0x28 ./App/CommController/CommController.o
                0x00000000080010b6                std::_Vector_base<unsigned char, std::allocator<unsigned char> >::_Vector_impl_data::_Vector_impl_data()
                0x00000000080010b6                std::_Vector_base<unsigned char, std::allocator<unsigned char> >::_Vector_impl_data::_Vector_impl_data()
 .text._ZNSt12_Vector_baseIhSaIhEE11_M_allocateEj
                0x00000000080010de       0x28 ./App/CommController/CommController.o
                0x00000000080010de                std::_Vector_base<unsigned char, std::allocator<unsigned char> >::_M_allocate(unsigned int)
 .text._ZNSt16allocator_traitsISaIhEE10deallocateERS0_Phj
                0x0000000008001106       0x1e ./App/CommController/CommController.o
                0x0000000008001106                std::allocator_traits<std::allocator<unsigned char> >::deallocate(std::allocator<unsigned char>&, unsigned char*, unsigned int)
 .text._ZSt25__uninitialized_default_nIPhjET_S1_T0_
                0x0000000008001124       0x20 ./App/CommController/CommController.o
                0x0000000008001124                unsigned char* std::__uninitialized_default_n<unsigned char*, unsigned int>(unsigned char*, unsigned int)
 .text._ZNSt12_Destroy_auxILb1EE9__destroyIPhEEvT_S3_
                0x0000000008001144       0x16 ./App/CommController/CommController.o
                0x0000000008001144                void std::_Destroy_aux<true>::__destroy<unsigned char*>(unsigned char*, unsigned char*)
 .text._ZNK9__gnu_cxx17__normal_iteratorIPhSt6vectorIhSaIhEEE4baseEv
                0x000000000800115a       0x16 ./App/CommController/CommController.o
                0x000000000800115a                __gnu_cxx::__normal_iterator<unsigned char*, std::vector<unsigned char, std::allocator<unsigned char> > >::base() const
 .text._ZSt14__copy_move_a2ILb0EPhS0_ET1_T0_S2_S1_
                0x0000000008001170       0x20 ./App/CommController/CommController.o
                0x0000000008001170                unsigned char* std::__copy_move_a2<false, unsigned char*, unsigned char*>(unsigned char*, unsigned char*, unsigned char*)
 .text._ZNK9__gnu_cxx17__normal_iteratorIPhSt6vectorIhSaIhEEEplEi
                0x0000000008001190       0x2e ./App/CommController/CommController.o
                0x0000000008001190                __gnu_cxx::__normal_iterator<unsigned char*, std::vector<unsigned char, std::allocator<unsigned char> > >::operator+(int) const
 .text._ZNK9__gnu_cxx13new_allocatorIhE8max_sizeEv
                0x00000000080011be       0x18 ./App/CommController/CommController.o
                0x00000000080011be                __gnu_cxx::new_allocator<unsigned char>::max_size() const
 .text._ZNSt16allocator_traitsISaIhEE8allocateERS0_j
                0x00000000080011d6       0x1e ./App/CommController/CommController.o
                0x00000000080011d6                std::allocator_traits<std::allocator<unsigned char> >::allocate(std::allocator<unsigned char>&, unsigned int)
 .text._ZN9__gnu_cxx13new_allocatorIhE10deallocateEPhj
                0x00000000080011f4       0x1c ./App/CommController/CommController.o
                0x00000000080011f4                __gnu_cxx::new_allocator<unsigned char>::deallocate(unsigned char*, unsigned int)
 .text._ZNSt27__uninitialized_default_n_1ILb1EE18__uninit_default_nIPhjEET_S3_T0_
                0x0000000008001210       0x26 ./App/CommController/CommController.o
                0x0000000008001210                unsigned char* std::__uninitialized_default_n_1<true>::__uninit_default_n<unsigned char*, unsigned int>(unsigned char*, unsigned int)
 .text._ZNSt11__copy_moveILb0ELb1ESt26random_access_iterator_tagE8__copy_mIhEEPT_PKS3_S6_S4_
                0x0000000008001236       0x34 ./App/CommController/CommController.o
                0x0000000008001236                unsigned char* std::__copy_move<false, true, std::random_access_iterator_tag>::__copy_m<unsigned char>(unsigned char const*, unsigned char const*, unsigned char*)
 .text._ZNK9__gnu_cxx13new_allocatorIhE11_M_max_sizeEv
                0x000000000800126a       0x18 ./App/CommController/CommController.o
                0x000000000800126a                __gnu_cxx::new_allocator<unsigned char>::_M_max_size() const
 .text._ZN9__gnu_cxx13new_allocatorIhE8allocateEjPKv
                0x0000000008001282       0x38 ./App/CommController/CommController.o
                0x0000000008001282                __gnu_cxx::new_allocator<unsigned char>::allocate(unsigned int, void const*)
 .text._ZSt6fill_nIPhjhET_S1_T0_RKT1_
                0x00000000080012ba       0x36 ./App/CommController/CommController.o
                0x00000000080012ba                unsigned char* std::fill_n<unsigned char*, unsigned int, unsigned char>(unsigned char*, unsigned int, unsigned char const&)
 .text._ZSt10__fill_n_aIPhjhET_S1_T0_RKT1_St26random_access_iterator_tag
                0x00000000080012f0       0x36 ./App/CommController/CommController.o
                0x00000000080012f0                unsigned char* std::__fill_n_a<unsigned char*, unsigned int, unsigned char>(unsigned char*, unsigned int, unsigned char const&, std::random_access_iterator_tag)
 .text._ZSt8__fill_aIPhhEvT_S1_RKT0_
                0x0000000008001326       0x1e ./App/CommController/CommController.o
                0x0000000008001326                void std::__fill_a<unsigned char*, unsigned char>(unsigned char*, unsigned char*, unsigned char const&)
 .text._ZSt9__fill_a1IhEN9__gnu_cxx11__enable_ifIXsrSt9__is_byteIT_E7__valueEvE6__typeEPS3_S7_RKS3_
                0x0000000008001344       0x34 ./App/CommController/CommController.o
                0x0000000008001344                __gnu_cxx::__enable_if<std::__is_byte<unsigned char>::__value, void>::__type std::__fill_a1<unsigned char>(unsigned char*, unsigned char*, unsigned char const&)
 .text._ZN14ResponseToHostC2Ev
                0x0000000008001378       0x16 ./App/Gripper/Gripper.o
                0x0000000008001378                ResponseToHost::ResponseToHost()
                0x0000000008001378                ResponseToHost::ResponseToHost()
 .text._ZN14ResponseToHostD2Ev
                0x000000000800138e       0x16 ./App/Gripper/Gripper.o
                0x000000000800138e                ResponseToHost::~ResponseToHost()
                0x000000000800138e                ResponseToHost::~ResponseToHost()
 .text._ZN7GripperC2Ev
                0x00000000080013a4       0x16 ./App/Gripper/Gripper.o
                0x00000000080013a4                Gripper::Gripper()
                0x00000000080013a4                Gripper::Gripper()
 *fill*         0x00000000080013ba        0x2 
 .text._ZN7Gripper11initGripperEv
                0x00000000080013bc       0xac ./App/Gripper/Gripper.o
                0x00000000080013bc                Gripper::initGripper()
 .text._ZN7Gripper8mapfloatEfffff
                0x0000000008001468       0x5e ./App/Gripper/Gripper.o
                0x0000000008001468                Gripper::mapfloat(float, float, float, float, float)
 *fill*         0x00000000080014c6        0x2 
 .text._ZN7Gripper7pidStepEv
                0x00000000080014c8      0x154 ./App/Gripper/Gripper.o
                0x00000000080014c8                Gripper::pidStep()
 .text._ZN7Gripper8setMotorEv
                0x000000000800161c       0xe4 ./App/Gripper/Gripper.o
                0x000000000800161c                Gripper::setMotor()
 .text._ZN7Gripper16calibrateGripperEv
                0x0000000008001700      0x150 ./App/Gripper/Gripper.o
                0x0000000008001700                Gripper::calibrateGripper()
 .text._ZN7Gripper10distributeE15CommandFromHost
                0x0000000008001850      0x4d0 ./App/Gripper/Gripper.o
                0x0000000008001850                Gripper::distribute(CommandFromHost)
 .text._ZN8Hardware3nowEv
                0x0000000008001d20       0x16 ./App/Hardware.o
                0x0000000008001d20                Hardware::now()
 .text._ZnwjPv  0x0000000008001d36       0x18 ./App/loop.o
                0x0000000008001d36                operator new(unsigned int, void*)
 .text._ZNSt9_Any_data9_M_accessEv
                0x0000000008001d4e       0x16 ./App/loop.o
                0x0000000008001d4e                std::_Any_data::_M_access()
 .text._ZNKSt9_Any_data9_M_accessEv
                0x0000000008001d64       0x16 ./App/loop.o
                0x0000000008001d64                std::_Any_data::_M_access() const
 .text._ZNSt14_Function_baseD2Ev
                0x0000000008001d7a       0x26 ./App/loop.o
                0x0000000008001d7a                std::_Function_base::~_Function_base()
                0x0000000008001d7a                std::_Function_base::~_Function_base()
 .text._ZN9RS485Comm11setCallbackESt8functionIFv15CommandFromHostEE
                0x0000000008001da0       0x1e ./App/loop.o
                0x0000000008001da0                RS485Comm::setCallback(std::function<void (CommandFromHost)>)
 .text._ZNSt8functionIFv15CommandFromHostEED2Ev
                0x0000000008001dbe       0x1a ./App/loop.o
                0x0000000008001dbe                std::function<void (CommandFromHost)>::~function()
                0x0000000008001dbe                std::function<void (CommandFromHost)>::~function()
 .text.loop_init
                0x0000000008001dd8       0x58 ./App/loop.o
                0x0000000008001dd8                loop_init
 .text.loop     0x0000000008001e30       0xbc ./App/loop.o
                0x0000000008001e30                loop
 .text.HAL_ADC_ConvCpltCallback
                0x0000000008001eec       0x20 ./App/loop.o
                0x0000000008001eec                HAL_ADC_ConvCpltCallback
 .text._Z10distribute15CommandFromHost
                0x0000000008001f0c       0xb8 ./App/loop.o
                0x0000000008001f0c                distribute(CommandFromHost)
 .text.HAL_UART_RxCpltCallback
                0x0000000008001fc4       0x4c ./App/loop.o
                0x0000000008001fc4                HAL_UART_RxCpltCallback
 .text._ZNSt8functionIFv15CommandFromHostEEaSERKS2_
                0x0000000008002010       0x36 ./App/loop.o
                0x0000000008002010                std::function<void (CommandFromHost)>::operator=(std::function<void (CommandFromHost)> const&)
 *fill*         0x0000000008002046        0x2 
 .text._ZNSt8functionIFv15CommandFromHostEEC2IPS1_vvEET_
                0x0000000008002048       0x54 ./App/loop.o
                0x0000000008002048                std::function<void (CommandFromHost)>::function<void (*)(CommandFromHost), void, void>(void (*)(CommandFromHost))
                0x0000000008002048                std::function<void (CommandFromHost)>::function<void (*)(CommandFromHost), void, void>(void (*)(CommandFromHost))
 .text._ZNSt8functionIFv15CommandFromHostEEC2ERKS2_
                0x000000000800209c       0x44 ./App/loop.o
                0x000000000800209c                std::function<void (CommandFromHost)>::function(std::function<void (CommandFromHost)> const&)
                0x000000000800209c                std::function<void (CommandFromHost)>::function(std::function<void (CommandFromHost)> const&)
 .text._ZNSt8functionIFv15CommandFromHostEE4swapERS2_
                0x00000000080020e0       0x42 ./App/loop.o
                0x00000000080020e0                std::function<void (CommandFromHost)>::swap(std::function<void (CommandFromHost)>&)
 .text._ZNSt14_Function_base13_Base_managerIPFv15CommandFromHostEE21_M_not_empty_functionIS2_EEbPT_
                0x0000000008002122       0x20 ./App/loop.o
                0x0000000008002122                bool std::_Function_base::_Base_manager<void (*)(CommandFromHost)>::_M_not_empty_function<void (CommandFromHost)>(void (*)(CommandFromHost))
 .text._ZSt4moveIRPFv15CommandFromHostEEONSt16remove_referenceIT_E4typeEOS5_
                0x0000000008002142       0x16 ./App/loop.o
                0x0000000008002142                std::remove_reference<void (*&)(CommandFromHost)>::type&& std::move<void (*&)(CommandFromHost)>(void (*&)(CommandFromHost))
 .text._ZNSt14_Function_base13_Base_managerIPFv15CommandFromHostEE15_M_init_functorERSt9_Any_dataOS3_
                0x0000000008002158       0x24 ./App/loop.o
                0x0000000008002158                std::_Function_base::_Base_manager<void (*)(CommandFromHost)>::_M_init_functor(std::_Any_data&, void (*&&)(CommandFromHost))
 .text._ZNSt17_Function_handlerIFv15CommandFromHostEPS1_E9_M_invokeERKSt9_Any_dataOS0_
                0x000000000800217c       0x2a ./App/loop.o
                0x000000000800217c                std::_Function_handler<void (CommandFromHost), void (*)(CommandFromHost)>::_M_invoke(std::_Any_data const&, CommandFromHost&&)
 .text._ZNSt17_Function_handlerIFv15CommandFromHostEPS1_E10_M_managerERSt9_Any_dataRKS4_St18_Manager_operation
                0x00000000080021a6       0x3e ./App/loop.o
                0x00000000080021a6                std::_Function_handler<void (CommandFromHost), void (*)(CommandFromHost)>::_M_manager(std::_Any_data&, std::_Any_data const&, std::_Manager_operation)
 .text._ZNKSt8functionIFv15CommandFromHostEEcvbEv
                0x00000000080021e4       0x20 ./App/loop.o
                0x00000000080021e4                std::function<void (CommandFromHost)>::operator bool() const
 .text._ZSt4moveIRSt9_Any_dataEONSt16remove_referenceIT_E4typeEOS3_
                0x0000000008002204       0x16 ./App/loop.o
                0x0000000008002204                std::remove_reference<std::_Any_data&>::type&& std::move<std::_Any_data&>(std::_Any_data&)
 .text._ZSt4swapISt9_Any_dataENSt9enable_ifIXsrSt6__and_IJSt6__not_ISt15__is_tuple_likeIT_EESt21is_move_constructibleIS5_ESt18is_move_assignableIS5_EEE5valueEvE4typeERS5_SF_
                0x000000000800221a       0x4e ./App/loop.o
                0x000000000800221a                std::enable_if<std::__and_<std::__not_<std::__is_tuple_like<std::_Any_data> >, std::is_move_constructible<std::_Any_data>, std::is_move_assignable<std::_Any_data> >::value, void>::type std::swap<std::_Any_data>(std::_Any_data&, std::_Any_data&)
 .text._ZSt4moveIRPFbRSt9_Any_dataRKS0_St18_Manager_operationEEONSt16remove_referenceIT_E4typeEOS9_
                0x0000000008002268       0x16 ./App/loop.o
                0x0000000008002268                std::remove_reference<bool (*&)(std::_Any_data&, std::_Any_data const&, std::_Manager_operation)>::type&& std::move<bool (*&)(std::_Any_data&, std::_Any_data const&, std::_Manager_operation)>(bool (*&)(std::_Any_data&, std::_Any_data const&, std::_Manager_operation))
 .text._ZSt4swapIPFbRSt9_Any_dataRKS0_St18_Manager_operationEENSt9enable_ifIXsrSt6__and_IJSt6__not_ISt15__is_tuple_likeIT_EESt21is_move_constructibleISB_ESt18is_move_assignableISB_EEE5valueEvE4typeERSB_SL_
                0x000000000800227e       0x3e ./App/loop.o
                0x000000000800227e                std::enable_if<std::__and_<std::__not_<std::__is_tuple_like<bool (*)(std::_Any_data&, std::_Any_data const&, std::_Manager_operation)> >, std::is_move_constructible<bool (*)(std::_Any_data&, std::_Any_data const&, std::_Manager_operation)>, std::is_move_assignable<bool (*)(std::_Any_data&, std::_Any_data const&, std::_Manager_operation)> >::value, void>::type std::swap<bool (*)(std::_Any_data&, std::_Any_data const&, std::_Manager_operation)>(bool (*&)(std::_Any_data&, std::_Any_data const&, std::_Manager_operation), bool (*&)(std::_Any_data&, std::_Any_data const&, std::_Manager_operation))
 .text._ZSt4moveIRPFvRKSt9_Any_dataO15CommandFromHostEEONSt16remove_referenceIT_E4typeEOS9_
                0x00000000080022bc       0x16 ./App/loop.o
                0x00000000080022bc                std::remove_reference<void (*&)(std::_Any_data const&, CommandFromHost&&)>::type&& std::move<void (*&)(std::_Any_data const&, CommandFromHost&&)>(void (*&)(std::_Any_data const&, CommandFromHost&&))
 .text._ZSt4swapIPFvRKSt9_Any_dataO15CommandFromHostEENSt9enable_ifIXsrSt6__and_IJSt6__not_ISt15__is_tuple_likeIT_EESt21is_move_constructibleISB_ESt18is_move_assignableISB_EEE5valueEvE4typeERSB_SL_
                0x00000000080022d2       0x3e ./App/loop.o
                0x00000000080022d2                std::enable_if<std::__and_<std::__not_<std::__is_tuple_like<void (*)(std::_Any_data const&, CommandFromHost&&)> >, std::is_move_constructible<void (*)(std::_Any_data const&, CommandFromHost&&)>, std::is_move_assignable<void (*)(std::_Any_data const&, CommandFromHost&&)> >::value, void>::type std::swap<void (*)(std::_Any_data const&, CommandFromHost&&)>(void (*&)(std::_Any_data const&, CommandFromHost&&), void (*&)(std::_Any_data const&, CommandFromHost&&))
 .text._ZNSt14_Function_base13_Base_managerIPFv15CommandFromHostEE15_M_init_functorERSt9_Any_dataOS3_St17integral_constantIbLb1EE
                0x0000000008002310       0x32 ./App/loop.o
                0x0000000008002310                std::_Function_base::_Base_manager<void (*)(CommandFromHost)>::_M_init_functor(std::_Any_data&, void (*&&)(CommandFromHost), std::integral_constant<bool, true>)
 .text._ZNSt14_Function_base13_Base_managerIPFv15CommandFromHostEE14_M_get_pointerERKSt9_Any_data
                0x0000000008002342       0x22 ./App/loop.o
                0x0000000008002342                std::_Function_base::_Base_manager<void (*)(CommandFromHost)>::_M_get_pointer(std::_Any_data const&)
 .text._ZSt10__invoke_rIvRPFv15CommandFromHostEJS0_EENSt9enable_ifIXsrSt6__and_IJSt7is_voidIT_ESt14__is_invocableIT0_JDpT1_EEEE5valueES7_E4typeEOSA_DpOSB_
                0x0000000008002364       0x2c ./App/loop.o
                0x0000000008002364                std::enable_if<std::__and_<std::is_void<void>, std::__is_invocable<void (*&)(CommandFromHost), CommandFromHost> >::value, void>::type std::__invoke_r<void, void (*&)(CommandFromHost), CommandFromHost>(void (*&)(CommandFromHost), CommandFromHost&&)
 .text._ZNSt9_Any_data9_M_accessIPPFv15CommandFromHostEEERT_v
                0x0000000008002390       0x18 ./App/loop.o
                0x0000000008002390                void (**&std::_Any_data::_M_access<void (**)(CommandFromHost)>())(CommandFromHost)
 .text._ZNSt14_Function_base13_Base_managerIPFv15CommandFromHostEE10_M_managerERSt9_Any_dataRKS5_St18_Manager_operation
                0x00000000080023a8       0x56 ./App/loop.o
                0x00000000080023a8                std::_Function_base::_Base_manager<void (*)(CommandFromHost)>::_M_manager(std::_Any_data&, std::_Any_data const&, std::_Manager_operation)
 .text._ZNKSt9_Any_data9_M_accessIPFv15CommandFromHostEEERKT_v
                0x00000000080023fe       0x18 ./App/loop.o
                0x00000000080023fe                void (* const&std::_Any_data::_M_access<void (*)(CommandFromHost)>() const)(CommandFromHost)
 .text._ZSt11__addressofIKPFv15CommandFromHostEEPT_RS4_
                0x0000000008002416       0x16 ./App/loop.o
                0x0000000008002416                void (* const*std::__addressof<void (* const)(CommandFromHost)>(void (* const&)(CommandFromHost)))(CommandFromHost)
 .text._ZSt7forwardIRPFv15CommandFromHostEEOT_RNSt16remove_referenceIS4_E4typeE
                0x000000000800242c       0x16 ./App/loop.o
                0x000000000800242c                void (*&std::forward<void (*&)(CommandFromHost)>(std::remove_reference<void (*&)(CommandFromHost)>::type&))(CommandFromHost)
 .text._ZSt13__invoke_implIvRPFv15CommandFromHostEJS0_EET_St14__invoke_otherOT0_DpOT1_
                0x0000000008002442       0x4a ./App/loop.o
                0x0000000008002442                void std::__invoke_impl<void, void (*&)(CommandFromHost), CommandFromHost>(std::__invoke_other, void (*&)(CommandFromHost), CommandFromHost&&)
 .text._ZNSt14_Function_base13_Base_managerIPFv15CommandFromHostEE8_M_cloneERSt9_Any_dataRKS5_St17integral_constantIbLb1EE
                0x000000000800248c       0x32 ./App/loop.o
                0x000000000800248c                std::_Function_base::_Base_manager<void (*)(CommandFromHost)>::_M_clone(std::_Any_data&, std::_Any_data const&, std::integral_constant<bool, true>)
 .text._ZNSt14_Function_base13_Base_managerIPFv15CommandFromHostEE10_M_destroyERSt9_Any_dataSt17integral_constantIbLb1EE
                0x00000000080024be       0x18 ./App/loop.o
                0x00000000080024be                std::_Function_base::_Base_manager<void (*)(CommandFromHost)>::_M_destroy(std::_Any_data&, std::integral_constant<bool, true>)
 .text._ZNSt9_Any_data9_M_accessIPFv15CommandFromHostEEERT_v
                0x00000000080024d6       0x18 ./App/loop.o
                0x00000000080024d6                void (*&std::_Any_data::_M_access<void (*)(CommandFromHost)>())(CommandFromHost)
 .text._ZN9RS485CommD2Ev
                0x00000000080024ee       0x1c ./App/loop.o
                0x00000000080024ee                RS485Comm::~RS485Comm()
                0x00000000080024ee                RS485Comm::~RS485Comm()
 *fill*         0x000000000800250a        0x2 
 .text._Z41__static_initialization_and_destruction_0ii
                0x000000000800250c       0x64 ./App/loop.o
 .text._GLOBAL__sub_I_x
                0x0000000008002570       0x10 ./App/loop.o
 .text._GLOBAL__sub_D_x
                0x0000000008002580       0x10 ./App/loop.o
 .text._ZN3MlxC2Et
                0x0000000008002590       0x24 ./App/Mlx/Mlx.o
                0x0000000008002590                Mlx::Mlx(unsigned short)
                0x0000000008002590                Mlx::Mlx(unsigned short)
 .text._ZN3Mlx8init_mlxEv
                0x00000000080025b4       0x84 ./App/Mlx/Mlx.o
                0x00000000080025b4                Mlx::init_mlx()
 .text._ZN3Mlx4readEv
                0x0000000008002638       0xbc ./App/Mlx/Mlx.o
                0x0000000008002638                Mlx::read()
 .text._ZN3Mlx10distributeE15CommandFromHost
                0x00000000080026f4       0x94 ./App/Mlx/Mlx.o
                0x00000000080026f4                Mlx::distribute(CommandFromHost)
 .text.MX_ADC1_Init
                0x0000000008002788      0x118 ./Core/Src/adc.o
                0x0000000008002788                MX_ADC1_Init
 .text.HAL_ADC_MspInit
                0x00000000080028a0       0xf0 ./Core/Src/adc.o
                0x00000000080028a0                HAL_ADC_MspInit
 .text.MX_DMA_Init
                0x0000000008002990       0x50 ./Core/Src/dma.o
                0x0000000008002990                MX_DMA_Init
 .text.MX_GPIO_Init
                0x00000000080029e0       0xd4 ./Core/Src/gpio.o
                0x00000000080029e0                MX_GPIO_Init
 .text.MX_I2C1_Init
                0x0000000008002ab4       0x5c ./Core/Src/i2c.o
                0x0000000008002ab4                MX_I2C1_Init
 .text.HAL_I2C_MspInit
                0x0000000008002b10       0x90 ./Core/Src/i2c.o
                0x0000000008002b10                HAL_I2C_MspInit
 .text.main     0x0000000008002ba0       0x32 ./Core/Src/main.o
                0x0000000008002ba0                main
 *fill*         0x0000000008002bd2        0x2 
 .text.SystemClock_Config
                0x0000000008002bd4       0xd0 ./Core/Src/main.o
                0x0000000008002bd4                SystemClock_Config
 .text.Error_Handler
                0x0000000008002ca4        0xa ./Core/Src/main.o
                0x0000000008002ca4                Error_Handler
 *fill*         0x0000000008002cae        0x2 
 .text.HAL_MspInit
                0x0000000008002cb0       0x50 ./Core/Src/stm32f4xx_hal_msp.o
                0x0000000008002cb0                HAL_MspInit
 .text.NMI_Handler
                0x0000000008002d00        0x6 ./Core/Src/stm32f4xx_it.o
                0x0000000008002d00                NMI_Handler
 .text.HardFault_Handler
                0x0000000008002d06        0x6 ./Core/Src/stm32f4xx_it.o
                0x0000000008002d06                HardFault_Handler
 .text.MemManage_Handler
                0x0000000008002d0c        0x6 ./Core/Src/stm32f4xx_it.o
                0x0000000008002d0c                MemManage_Handler
 .text.BusFault_Handler
                0x0000000008002d12        0x6 ./Core/Src/stm32f4xx_it.o
                0x0000000008002d12                BusFault_Handler
 .text.UsageFault_Handler
                0x0000000008002d18        0x6 ./Core/Src/stm32f4xx_it.o
                0x0000000008002d18                UsageFault_Handler
 .text.SVC_Handler
                0x0000000008002d1e        0xe ./Core/Src/stm32f4xx_it.o
                0x0000000008002d1e                SVC_Handler
 .text.DebugMon_Handler
                0x0000000008002d2c        0xe ./Core/Src/stm32f4xx_it.o
                0x0000000008002d2c                DebugMon_Handler
 .text.PendSV_Handler
                0x0000000008002d3a        0xe ./Core/Src/stm32f4xx_it.o
                0x0000000008002d3a                PendSV_Handler
 .text.SysTick_Handler
                0x0000000008002d48        0xc ./Core/Src/stm32f4xx_it.o
                0x0000000008002d48                SysTick_Handler
 .text.DMA2_Stream0_IRQHandler
                0x0000000008002d54       0x14 ./Core/Src/stm32f4xx_it.o
                0x0000000008002d54                DMA2_Stream0_IRQHandler
 .text.DMA2_Stream2_IRQHandler
                0x0000000008002d68       0x14 ./Core/Src/stm32f4xx_it.o
                0x0000000008002d68                DMA2_Stream2_IRQHandler
 .text._getpid  0x0000000008002d7c       0x10 ./Core/Src/syscalls.o
                0x0000000008002d7c                _getpid
 .text._kill    0x0000000008002d8c       0x20 ./Core/Src/syscalls.o
                0x0000000008002d8c                _kill
 .text._exit    0x0000000008002dac       0x14 ./Core/Src/syscalls.o
                0x0000000008002dac                _exit
 .text._sbrk    0x0000000008002dc0       0x6c ./Core/Src/sysmem.o
                0x0000000008002dc0                _sbrk
 .text.SystemInit
                0x0000000008002e2c       0x24 ./Core/Src/system_stm32f4xx.o
                0x0000000008002e2c                SystemInit
 .text.MX_TIM1_Init
                0x0000000008002e50       0xa0 ./Core/Src/tim.o
                0x0000000008002e50                MX_TIM1_Init
 .text.MX_TIM3_Init
                0x0000000008002ef0       0xc8 ./Core/Src/tim.o
                0x0000000008002ef0                MX_TIM3_Init
 .text.HAL_TIM_Base_MspInit
                0x0000000008002fb8       0x44 ./Core/Src/tim.o
                0x0000000008002fb8                HAL_TIM_Base_MspInit
 .text.HAL_TIM_PWM_MspInit
                0x0000000008002ffc       0x44 ./Core/Src/tim.o
                0x0000000008002ffc                HAL_TIM_PWM_MspInit
 .text.HAL_TIM_MspPostInit
                0x0000000008003040       0xb4 ./Core/Src/tim.o
                0x0000000008003040                HAL_TIM_MspPostInit
 .text.MX_USART1_UART_Init
                0x00000000080030f4       0x54 ./Core/Src/usart.o
                0x00000000080030f4                MX_USART1_UART_Init
 .text.HAL_UART_MspInit
                0x0000000008003148       0xf4 ./Core/Src/usart.o
                0x0000000008003148                HAL_UART_MspInit
 .text.Reset_Handler
                0x000000000800323c       0x50 ./Core/Startup/startup_stm32f411retx.o
                0x000000000800323c                Reset_Handler
 .text.Default_Handler
                0x000000000800328c        0x2 ./Core/Startup/startup_stm32f411retx.o
                0x000000000800328c                RTC_Alarm_IRQHandler
                0x000000000800328c                EXTI2_IRQHandler
                0x000000000800328c                SPI4_IRQHandler
                0x000000000800328c                TIM1_CC_IRQHandler
                0x000000000800328c                DMA2_Stream5_IRQHandler
                0x000000000800328c                DMA1_Stream5_IRQHandler
                0x000000000800328c                PVD_IRQHandler
                0x000000000800328c                SDIO_IRQHandler
                0x000000000800328c                TAMP_STAMP_IRQHandler
                0x000000000800328c                EXTI3_IRQHandler
                0x000000000800328c                TIM1_UP_TIM10_IRQHandler
                0x000000000800328c                I2C3_ER_IRQHandler
                0x000000000800328c                EXTI0_IRQHandler
                0x000000000800328c                I2C2_EV_IRQHandler
                0x000000000800328c                DMA1_Stream2_IRQHandler
                0x000000000800328c                FPU_IRQHandler
                0x000000000800328c                SPI1_IRQHandler
                0x000000000800328c                TIM1_BRK_TIM9_IRQHandler
                0x000000000800328c                DMA2_Stream3_IRQHandler
                0x000000000800328c                USART6_IRQHandler
                0x000000000800328c                TIM4_IRQHandler
                0x000000000800328c                I2C1_EV_IRQHandler
                0x000000000800328c                DMA1_Stream6_IRQHandler
                0x000000000800328c                DMA1_Stream1_IRQHandler
                0x000000000800328c                TIM3_IRQHandler
                0x000000000800328c                RCC_IRQHandler
                0x000000000800328c                Default_Handler
                0x000000000800328c                EXTI15_10_IRQHandler
                0x000000000800328c                ADC_IRQHandler
                0x000000000800328c                DMA1_Stream7_IRQHandler
                0x000000000800328c                SPI5_IRQHandler
                0x000000000800328c                TIM5_IRQHandler
                0x000000000800328c                DMA2_Stream7_IRQHandler
                0x000000000800328c                I2C3_EV_IRQHandler
                0x000000000800328c                EXTI9_5_IRQHandler
                0x000000000800328c                RTC_WKUP_IRQHandler
                0x000000000800328c                SPI2_IRQHandler
                0x000000000800328c                DMA1_Stream0_IRQHandler
                0x000000000800328c                EXTI4_IRQHandler
                0x000000000800328c                WWDG_IRQHandler
                0x000000000800328c                TIM2_IRQHandler
                0x000000000800328c                OTG_FS_WKUP_IRQHandler
                0x000000000800328c                TIM1_TRG_COM_TIM11_IRQHandler
                0x000000000800328c                EXTI1_IRQHandler
                0x000000000800328c                USART2_IRQHandler
                0x000000000800328c                I2C2_ER_IRQHandler
                0x000000000800328c                DMA2_Stream1_IRQHandler
                0x000000000800328c                FLASH_IRQHandler
                0x000000000800328c                DMA2_Stream4_IRQHandler
                0x000000000800328c                USART1_IRQHandler
                0x000000000800328c                OTG_FS_IRQHandler
                0x000000000800328c                SPI3_IRQHandler
                0x000000000800328c                DMA1_Stream4_IRQHandler
                0x000000000800328c                I2C1_ER_IRQHandler
                0x000000000800328c                DMA2_Stream6_IRQHandler
                0x000000000800328c                DMA1_Stream3_IRQHandler
 *fill*         0x000000000800328e        0x2 
 .text.HAL_Init
                0x0000000008003290       0x44 ./Drivers/STM32F4xx_HAL_Driver/Src/stm32f4xx_hal.o
                0x0000000008003290                HAL_Init
 .text.HAL_InitTick
                0x00000000080032d4       0x60 ./Drivers/STM32F4xx_HAL_Driver/Src/stm32f4xx_hal.o
                0x00000000080032d4                HAL_InitTick
 .text.HAL_IncTick
                0x0000000008003334       0x28 ./Drivers/STM32F4xx_HAL_Driver/Src/stm32f4xx_hal.o
                0x0000000008003334                HAL_IncTick
 .text.HAL_GetTick
                0x000000000800335c       0x18 ./Drivers/STM32F4xx_HAL_Driver/Src/stm32f4xx_hal.o
                0x000000000800335c                HAL_GetTick
 .text.HAL_Delay
                0x0000000008003374       0x48 ./Drivers/STM32F4xx_HAL_Driver/Src/stm32f4xx_hal.o
                0x0000000008003374                HAL_Delay
 .text.HAL_ADC_Init
                0x00000000080033bc       0x86 ./Drivers/STM32F4xx_HAL_Driver/Src/stm32f4xx_hal_adc.o
                0x00000000080033bc                HAL_ADC_Init
 *fill*         0x0000000008003442        0x2 
 .text.HAL_ADC_Start_DMA
                0x0000000008003444      0x1e0 ./Drivers/STM32F4xx_HAL_Driver/Src/stm32f4xx_hal_adc.o
                0x0000000008003444                HAL_ADC_Start_DMA
 .text.HAL_ADC_Stop_DMA
                0x0000000008003624       0xb4 ./Drivers/STM32F4xx_HAL_Driver/Src/stm32f4xx_hal_adc.o
                0x0000000008003624                HAL_ADC_Stop_DMA
 .text.HAL_ADC_ConvHalfCpltCallback
                0x00000000080036d8       0x14 ./Drivers/STM32F4xx_HAL_Driver/Src/stm32f4xx_hal_adc.o
                0x00000000080036d8                HAL_ADC_ConvHalfCpltCallback
 .text.HAL_ADC_ErrorCallback
                0x00000000080036ec       0x14 ./Drivers/STM32F4xx_HAL_Driver/Src/stm32f4xx_hal_adc.o
                0x00000000080036ec                HAL_ADC_ErrorCallback
 .text.HAL_ADC_ConfigChannel
                0x0000000008003700      0x264 ./Drivers/STM32F4xx_HAL_Driver/Src/stm32f4xx_hal_adc.o
                0x0000000008003700                HAL_ADC_ConfigChannel
 .text.ADC_Init
                0x0000000008003964      0x1f8 ./Drivers/STM32F4xx_HAL_Driver/Src/stm32f4xx_hal_adc.o
 .text.ADC_DMAConvCplt
                0x0000000008003b5c       0xba ./Drivers/STM32F4xx_HAL_Driver/Src/stm32f4xx_hal_adc.o
 .text.ADC_DMAHalfConvCplt
                0x0000000008003c16       0x1c ./Drivers/STM32F4xx_HAL_Driver/Src/stm32f4xx_hal_adc.o
 .text.ADC_DMAError
                0x0000000008003c32       0x2e ./Drivers/STM32F4xx_HAL_Driver/Src/stm32f4xx_hal_adc.o
 .text.__NVIC_SetPriorityGrouping
                0x0000000008003c60       0x48 ./Drivers/STM32F4xx_HAL_Driver/Src/stm32f4xx_hal_cortex.o
 .text.__NVIC_GetPriorityGrouping
                0x0000000008003ca8       0x1c ./Drivers/STM32F4xx_HAL_Driver/Src/stm32f4xx_hal_cortex.o
 .text.__NVIC_EnableIRQ
                0x0000000008003cc4       0x3c ./Drivers/STM32F4xx_HAL_Driver/Src/stm32f4xx_hal_cortex.o
 .text.__NVIC_SetPriority
                0x0000000008003d00       0x54 ./Drivers/STM32F4xx_HAL_Driver/Src/stm32f4xx_hal_cortex.o
 .text.NVIC_EncodePriority
                0x0000000008003d54       0x66 ./Drivers/STM32F4xx_HAL_Driver/Src/stm32f4xx_hal_cortex.o
 *fill*         0x0000000008003dba        0x2 
 .text.SysTick_Config
                0x0000000008003dbc       0x44 ./Drivers/STM32F4xx_HAL_Driver/Src/stm32f4xx_hal_cortex.o
 .text.HAL_NVIC_SetPriorityGrouping
                0x0000000008003e00       0x16 ./Drivers/STM32F4xx_HAL_Driver/Src/stm32f4xx_hal_cortex.o
                0x0000000008003e00                HAL_NVIC_SetPriorityGrouping
 .text.HAL_NVIC_SetPriority
                0x0000000008003e16       0x38 ./Drivers/STM32F4xx_HAL_Driver/Src/stm32f4xx_hal_cortex.o
                0x0000000008003e16                HAL_NVIC_SetPriority
 .text.HAL_NVIC_EnableIRQ
                0x0000000008003e4e       0x1c ./Drivers/STM32F4xx_HAL_Driver/Src/stm32f4xx_hal_cortex.o
                0x0000000008003e4e                HAL_NVIC_EnableIRQ
 .text.HAL_SYSTICK_Config
                0x0000000008003e6a       0x18 ./Drivers/STM32F4xx_HAL_Driver/Src/stm32f4xx_hal_cortex.o
                0x0000000008003e6a                HAL_SYSTICK_Config
 *fill*         0x0000000008003e82        0x2 
 .text.HAL_DMA_Init
                0x0000000008003e84      0x15c ./Drivers/STM32F4xx_HAL_Driver/Src/stm32f4xx_hal_dma.o
                0x0000000008003e84                HAL_DMA_Init
 .text.HAL_DMA_Start_IT
                0x0000000008003fe0       0xb0 ./Drivers/STM32F4xx_HAL_Driver/Src/stm32f4xx_hal_dma.o
                0x0000000008003fe0                HAL_DMA_Start_IT
 .text.HAL_DMA_Abort
                0x0000000008004090       0xe0 ./Drivers/STM32F4xx_HAL_Driver/Src/stm32f4xx_hal_dma.o
                0x0000000008004090                HAL_DMA_Abort
 .text.HAL_DMA_IRQHandler
                0x0000000008004170      0x314 ./Drivers/STM32F4xx_HAL_Driver/Src/stm32f4xx_hal_dma.o
                0x0000000008004170                HAL_DMA_IRQHandler
 .text.DMA_SetConfig
                0x0000000008004484       0x5c ./Drivers/STM32F4xx_HAL_Driver/Src/stm32f4xx_hal_dma.o
 .text.DMA_CalcBaseAndBitshift
                0x00000000080044e0       0x6c ./Drivers/STM32F4xx_HAL_Driver/Src/stm32f4xx_hal_dma.o
 .text.DMA_CheckFifoParam
                0x000000000800454c       0xf8 ./Drivers/STM32F4xx_HAL_Driver/Src/stm32f4xx_hal_dma.o
 .text.HAL_GPIO_Init
                0x0000000008004644      0x308 ./Drivers/STM32F4xx_HAL_Driver/Src/stm32f4xx_hal_gpio.o
                0x0000000008004644                HAL_GPIO_Init
 .text.HAL_GPIO_WritePin
                0x000000000800494c       0x32 ./Drivers/STM32F4xx_HAL_Driver/Src/stm32f4xx_hal_gpio.o
                0x000000000800494c                HAL_GPIO_WritePin
 *fill*         0x000000000800497e        0x2 
 .text.HAL_I2C_Init
                0x0000000008004980      0x288 ./Drivers/STM32F4xx_HAL_Driver/Src/stm32f4xx_hal_i2c.o
                0x0000000008004980                HAL_I2C_Init
 .text.HAL_I2C_Master_Transmit
                0x0000000008004c08      0x1fc ./Drivers/STM32F4xx_HAL_Driver/Src/stm32f4xx_hal_i2c.o
                0x0000000008004c08                HAL_I2C_Master_Transmit
 .text.HAL_I2C_Master_Receive
                0x0000000008004e04      0x44c ./Drivers/STM32F4xx_HAL_Driver/Src/stm32f4xx_hal_i2c.o
                0x0000000008004e04                HAL_I2C_Master_Receive
 .text.I2C_MasterRequestWrite
                0x0000000008005250      0x104 ./Drivers/STM32F4xx_HAL_Driver/Src/stm32f4xx_hal_i2c.o
 .text.I2C_MasterRequestRead
                0x0000000008005354      0x19c ./Drivers/STM32F4xx_HAL_Driver/Src/stm32f4xx_hal_i2c.o
 .text.I2C_WaitOnFlagUntilTimeout
                0x00000000080054f0       0xae ./Drivers/STM32F4xx_HAL_Driver/Src/stm32f4xx_hal_i2c.o
 .text.I2C_WaitOnMasterAddressFlagUntilTimeout
                0x000000000800559e       0xfe ./Drivers/STM32F4xx_HAL_Driver/Src/stm32f4xx_hal_i2c.o
 .text.I2C_WaitOnTXEFlagUntilTimeout
                0x000000000800569c       0x82 ./Drivers/STM32F4xx_HAL_Driver/Src/stm32f4xx_hal_i2c.o
 .text.I2C_WaitOnBTFFlagUntilTimeout
                0x000000000800571e       0x82 ./Drivers/STM32F4xx_HAL_Driver/Src/stm32f4xx_hal_i2c.o
 .text.I2C_WaitOnRXNEFlagUntilTimeout
                0x00000000080057a0       0xac ./Drivers/STM32F4xx_HAL_Driver/Src/stm32f4xx_hal_i2c.o
 .text.I2C_IsAcknowledgeFailed
                0x000000000800584c       0x5e ./Drivers/STM32F4xx_HAL_Driver/Src/stm32f4xx_hal_i2c.o
 *fill*         0x00000000080058aa        0x2 
 .text.HAL_RCC_OscConfig
                0x00000000080058ac      0x4f0 ./Drivers/STM32F4xx_HAL_Driver/Src/stm32f4xx_hal_rcc.o
                0x00000000080058ac                HAL_RCC_OscConfig
 .text.HAL_RCC_ClockConfig
                0x0000000008005d9c      0x1cc ./Drivers/STM32F4xx_HAL_Driver/Src/stm32f4xx_hal_rcc.o
                0x0000000008005d9c                HAL_RCC_ClockConfig
 .text.HAL_RCC_GetSysClockFreq
                0x0000000008005f68      0x18c ./Drivers/STM32F4xx_HAL_Driver/Src/stm32f4xx_hal_rcc.o
                0x0000000008005f68                HAL_RCC_GetSysClockFreq
 .text.HAL_RCC_GetHCLKFreq
                0x00000000080060f4       0x18 ./Drivers/STM32F4xx_HAL_Driver/Src/stm32f4xx_hal_rcc.o
                0x00000000080060f4                HAL_RCC_GetHCLKFreq
 .text.HAL_RCC_GetPCLK1Freq
                0x000000000800610c       0x28 ./Drivers/STM32F4xx_HAL_Driver/Src/stm32f4xx_hal_rcc.o
                0x000000000800610c                HAL_RCC_GetPCLK1Freq
 .text.HAL_RCC_GetPCLK2Freq
                0x0000000008006134       0x28 ./Drivers/STM32F4xx_HAL_Driver/Src/stm32f4xx_hal_rcc.o
                0x0000000008006134                HAL_RCC_GetPCLK2Freq
 .text.HAL_TIM_Base_Init
                0x000000000800615c       0x9e ./Drivers/STM32F4xx_HAL_Driver/Src/stm32f4xx_hal_tim.o
                0x000000000800615c                HAL_TIM_Base_Init
 .text.HAL_TIM_PWM_Init
                0x00000000080061fa       0x9e ./Drivers/STM32F4xx_HAL_Driver/Src/stm32f4xx_hal_tim.o
                0x00000000080061fa                HAL_TIM_PWM_Init
 .text.HAL_TIM_PWM_Start
                0x0000000008006298      0x160 ./Drivers/STM32F4xx_HAL_Driver/Src/stm32f4xx_hal_tim.o
                0x0000000008006298                HAL_TIM_PWM_Start
 .text.HAL_TIM_PWM_ConfigChannel
                0x00000000080063f8      0x184 ./Drivers/STM32F4xx_HAL_Driver/Src/stm32f4xx_hal_tim.o
                0x00000000080063f8                HAL_TIM_PWM_ConfigChannel
 .text.HAL_TIM_ConfigClockSource
                0x000000000800657c      0x18e ./Drivers/STM32F4xx_HAL_Driver/Src/stm32f4xx_hal_tim.o
                0x000000000800657c                HAL_TIM_ConfigClockSource
 *fill*         0x000000000800670a        0x2 
 .text.TIM_Base_SetConfig
                0x000000000800670c      0x100 ./Drivers/STM32F4xx_HAL_Driver/Src/stm32f4xx_hal_tim.o
                0x000000000800670c                TIM_Base_SetConfig
 .text.TIM_OC1_SetConfig
                0x000000000800680c       0xcc ./Drivers/STM32F4xx_HAL_Driver/Src/stm32f4xx_hal_tim.o
 .text.TIM_OC2_SetConfig
                0x00000000080068d8       0xd8 ./Drivers/STM32F4xx_HAL_Driver/Src/stm32f4xx_hal_tim.o
                0x00000000080068d8                TIM_OC2_SetConfig
 .text.TIM_OC3_SetConfig
                0x00000000080069b0       0xd4 ./Drivers/STM32F4xx_HAL_Driver/Src/stm32f4xx_hal_tim.o
 .text.TIM_OC4_SetConfig
                0x0000000008006a84       0xa0 ./Drivers/STM32F4xx_HAL_Driver/Src/stm32f4xx_hal_tim.o
 .text.TIM_TI1_ConfigInputStage
                0x0000000008006b24       0x5e ./Drivers/STM32F4xx_HAL_Driver/Src/stm32f4xx_hal_tim.o
 .text.TIM_TI2_ConfigInputStage
                0x0000000008006b82       0x60 ./Drivers/STM32F4xx_HAL_Driver/Src/stm32f4xx_hal_tim.o
 .text.TIM_ITRx_SetConfig
                0x0000000008006be2       0x36 ./Drivers/STM32F4xx_HAL_Driver/Src/stm32f4xx_hal_tim.o
 .text.TIM_ETR_SetConfig
                0x0000000008006c18       0x40 ./Drivers/STM32F4xx_HAL_Driver/Src/stm32f4xx_hal_tim.o
                0x0000000008006c18                TIM_ETR_SetConfig
 .text.TIM_CCxChannelCmd
                0x0000000008006c58       0x4a ./Drivers/STM32F4xx_HAL_Driver/Src/stm32f4xx_hal_tim.o
                0x0000000008006c58                TIM_CCxChannelCmd
 *fill*         0x0000000008006ca2        0x2 
 .text.HAL_TIMEx_MasterConfigSynchronization
                0x0000000008006ca4       0xdc ./Drivers/STM32F4xx_HAL_Driver/Src/stm32f4xx_hal_tim_ex.o
                0x0000000008006ca4                HAL_TIMEx_MasterConfigSynchronization
 .text.HAL_UART_Init
                0x0000000008006d80       0x9a ./Drivers/STM32F4xx_HAL_Driver/Src/stm32f4xx_hal_uart.o
                0x0000000008006d80                HAL_UART_Init
 .text.HAL_UART_Transmit
                0x0000000008006e1a      0x124 ./Drivers/STM32F4xx_HAL_Driver/Src/stm32f4xx_hal_uart.o
                0x0000000008006e1a                HAL_UART_Transmit
 .text.HAL_UART_Receive_DMA
                0x0000000008006f3e       0x60 ./Drivers/STM32F4xx_HAL_Driver/Src/stm32f4xx_hal_uart.o
                0x0000000008006f3e                HAL_UART_Receive_DMA
 .text.HAL_UART_RxHalfCpltCallback
                0x0000000008006f9e       0x14 ./Drivers/STM32F4xx_HAL_Driver/Src/stm32f4xx_hal_uart.o
                0x0000000008006f9e                HAL_UART_RxHalfCpltCallback
 .text.HAL_UART_ErrorCallback
                0x0000000008006fb2       0x14 ./Drivers/STM32F4xx_HAL_Driver/Src/stm32f4xx_hal_uart.o
                0x0000000008006fb2                HAL_UART_ErrorCallback
 .text.HAL_UARTEx_RxEventCallback
                0x0000000008006fc6       0x18 ./Drivers/STM32F4xx_HAL_Driver/Src/stm32f4xx_hal_uart.o
                0x0000000008006fc6                HAL_UARTEx_RxEventCallback
 .text.UART_DMAReceiveCplt
                0x0000000008006fde      0x126 ./Drivers/STM32F4xx_HAL_Driver/Src/stm32f4xx_hal_uart.o
 .text.UART_DMARxHalfCplt
                0x0000000008007104       0x36 ./Drivers/STM32F4xx_HAL_Driver/Src/stm32f4xx_hal_uart.o
 .text.UART_DMAError
                0x000000000800713a       0x94 ./Drivers/STM32F4xx_HAL_Driver/Src/stm32f4xx_hal_uart.o
 .text.UART_WaitOnFlagUntilTimeout
                0x00000000080071ce       0xdc ./Drivers/STM32F4xx_HAL_Driver/Src/stm32f4xx_hal_uart.o
 *fill*         0x00000000080072aa        0x2 
 .text.UART_Start_Receive_DMA
                0x00000000080072ac      0x13c ./Drivers/STM32F4xx_HAL_Driver/Src/stm32f4xx_hal_uart.o
                0x00000000080072ac                UART_Start_Receive_DMA
 .text.UART_EndTxTransfer
                0x00000000080073e8       0x50 ./Drivers/STM32F4xx_HAL_Driver/Src/stm32f4xx_hal_uart.o
 .text.UART_EndRxTransfer
                0x0000000008007438       0xc6 ./Drivers/STM32F4xx_HAL_Driver/Src/stm32f4xx_hal_uart.o
 *fill*         0x00000000080074fe        0x2 
 .text.UART_SetConfig
                0x0000000008007500      0x4e8 ./Drivers/STM32F4xx_HAL_Driver/Src/stm32f4xx_hal_uart.o
 .text._ZdlPvj  0x00000000080079e8        0x4 /home/nir/.eclipse/com.st.stm32cube.ide.mcu.rcp.product_1.11.0_139060369_linux_gtk_x86_64/plugins/com.st.stm32cube.ide.mcu.externaltools.gnu-tools-for-stm32.10.3-2021.10.linux64_1.0.200.202301161003/tools/bin/../lib/gcc/arm-none-eabi/10.3.1/../../../../arm-none-eabi/lib/thumb/v7e-m+fp/hard/libstdc++_nano.a(del_ops.o)
                0x00000000080079e8                operator delete(void*, unsigned int)
 .text._Znwj    0x00000000080079ec       0x22 /home/nir/.eclipse/com.st.stm32cube.ide.mcu.rcp.product_1.11.0_139060369_linux_gtk_x86_64/plugins/com.st.stm32cube.ide.mcu.externaltools.gnu-tools-for-stm32.10.3-2021.10.linux64_1.0.200.202301161003/tools/bin/../lib/gcc/arm-none-eabi/10.3.1/../../../../arm-none-eabi/lib/thumb/v7e-m+fp/hard/libstdc++_nano.a(new_op.o)
                0x00000000080079ec                operator new(unsigned int)
 .text.unlikely._ZSt17__throw_bad_allocv
                0x0000000008007a0e        0x6 /home/nir/.eclipse/com.st.stm32cube.ide.mcu.rcp.product_1.11.0_139060369_linux_gtk_x86_64/plugins/com.st.stm32cube.ide.mcu.externaltools.gnu-tools-for-stm32.10.3-2021.10.linux64_1.0.200.202301161003/tools/bin/../lib/gcc/arm-none-eabi/10.3.1/../../../../arm-none-eabi/lib/thumb/v7e-m+fp/hard/libstdc++_nano.a(functexcept.o)
                0x0000000008007a0e                std::__throw_bad_alloc()
 .text.unlikely._ZSt20__throw_length_errorPKc
                0x0000000008007a14        0x6 /home/nir/.eclipse/com.st.stm32cube.ide.mcu.rcp.product_1.11.0_139060369_linux_gtk_x86_64/plugins/com.st.stm32cube.ide.mcu.externaltools.gnu-tools-for-stm32.10.3-2021.10.linux64_1.0.200.202301161003/tools/bin/../lib/gcc/arm-none-eabi/10.3.1/../../../../arm-none-eabi/lib/thumb/v7e-m+fp/hard/libstdc++_nano.a(functexcept.o)
                0x0000000008007a14                std::__throw_length_error(char const*)
 .text.unlikely._ZSt25__throw_bad_function_callv
                0x0000000008007a1a        0x6 /home/nir/.eclipse/com.st.stm32cube.ide.mcu.rcp.product_1.11.0_139060369_linux_gtk_x86_64/plugins/com.st.stm32cube.ide.mcu.externaltools.gnu-tools-for-stm32.10.3-2021.10.linux64_1.0.200.202301161003/tools/bin/../lib/gcc/arm-none-eabi/10.3.1/../../../../arm-none-eabi/lib/thumb/v7e-m+fp/hard/libstdc++_nano.a(functional.o)
                0x0000000008007a1a                std::__throw_bad_function_call()
 .text._ZdlPv   0x0000000008007a20        0x4 /home/nir/.eclipse/com.st.stm32cube.ide.mcu.rcp.product_1.11.0_139060369_linux_gtk_x86_64/plugins/com.st.stm32cube.ide.mcu.externaltools.gnu-tools-for-stm32.10.3-2021.10.linux64_1.0.200.202301161003/tools/bin/../lib/gcc/arm-none-eabi/10.3.1/../../../../arm-none-eabi/lib/thumb/v7e-m+fp/hard/libstdc++_nano.a(del_op.o)
                0x0000000008007a20                operator delete(void*)
 .text._ZSt15get_new_handlerv
                0x0000000008007a24       0x10 /home/nir/.eclipse/com.st.stm32cube.ide.mcu.rcp.product_1.11.0_139060369_linux_gtk_x86_64/plugins/com.st.stm32cube.ide.mcu.externaltools.gnu-tools-for-stm32.10.3-2021.10.linux64_1.0.200.202301161003/tools/bin/../lib/gcc/arm-none-eabi/10.3.1/../../../../arm-none-eabi/lib/thumb/v7e-m+fp/hard/libstdc++_nano.a(new_handler.o)
                0x0000000008007a24                std::get_new_handler()
 .text.abort    0x0000000008007a34        0xe /home/nir/.eclipse/com.st.stm32cube.ide.mcu.rcp.product_1.11.0_139060369_linux_gtk_x86_64/plugins/com.st.stm32cube.ide.mcu.externaltools.gnu-tools-for-stm32.10.3-2021.10.linux64_1.0.200.202301161003/tools/bin/../lib/gcc/arm-none-eabi/10.3.1/../../../../arm-none-eabi/lib/thumb/v7e-m+fp/hard/libc_nano.a(lib_a-abort.o)
                0x0000000008007a34                abort
 *fill*         0x0000000008007a42        0x2 
 .text.__errno  0x0000000008007a44        0xc /home/nir/.eclipse/com.st.stm32cube.ide.mcu.rcp.product_1.11.0_139060369_linux_gtk_x86_64/plugins/com.st.stm32cube.ide.mcu.externaltools.gnu-tools-for-stm32.10.3-2021.10.linux64_1.0.200.202301161003/tools/bin/../lib/gcc/arm-none-eabi/10.3.1/../../../../arm-none-eabi/lib/thumb/v7e-m+fp/hard/libc_nano.a(lib_a-errno.o)
                0x0000000008007a44                __errno
 .text.__libc_init_array
                0x0000000008007a50       0x48 /home/nir/.eclipse/com.st.stm32cube.ide.mcu.rcp.product_1.11.0_139060369_linux_gtk_x86_64/plugins/com.st.stm32cube.ide.mcu.externaltools.gnu-tools-for-stm32.10.3-2021.10.linux64_1.0.200.202301161003/tools/bin/../lib/gcc/arm-none-eabi/10.3.1/../../../../arm-none-eabi/lib/thumb/v7e-m+fp/hard/libc_nano.a(lib_a-init.o)
                0x0000000008007a50                __libc_init_array
 .text.malloc   0x0000000008007a98       0x10 /home/nir/.eclipse/com.st.stm32cube.ide.mcu.rcp.product_1.11.0_139060369_linux_gtk_x86_64/plugins/com.st.stm32cube.ide.mcu.externaltools.gnu-tools-for-stm32.10.3-2021.10.linux64_1.0.200.202301161003/tools/bin/../lib/gcc/arm-none-eabi/10.3.1/../../../../arm-none-eabi/lib/thumb/v7e-m+fp/hard/libc_nano.a(lib_a-malloc.o)
                0x0000000008007a98                malloc
 .text.free     0x0000000008007aa8       0x10 /home/nir/.eclipse/com.st.stm32cube.ide.mcu.rcp.product_1.11.0_139060369_linux_gtk_x86_64/plugins/com.st.stm32cube.ide.mcu.externaltools.gnu-tools-for-stm32.10.3-2021.10.linux64_1.0.200.202301161003/tools/bin/../lib/gcc/arm-none-eabi/10.3.1/../../../../arm-none-eabi/lib/thumb/v7e-m+fp/hard/libc_nano.a(lib_a-malloc.o)
                0x0000000008007aa8                free
 .text.memcpy   0x0000000008007ab8       0x1c /home/nir/.eclipse/com.st.stm32cube.ide.mcu.rcp.product_1.11.0_139060369_linux_gtk_x86_64/plugins/com.st.stm32cube.ide.mcu.externaltools.gnu-tools-for-stm32.10.3-2021.10.linux64_1.0.200.202301161003/tools/bin/../lib/gcc/arm-none-eabi/10.3.1/../../../../arm-none-eabi/lib/thumb/v7e-m+fp/hard/libc_nano.a(lib_a-memcpy-stub.o)
                0x0000000008007ab8                memcpy
 .text.memmove  0x0000000008007ad4       0x34 /home/nir/.eclipse/com.st.stm32cube.ide.mcu.rcp.product_1.11.0_139060369_linux_gtk_x86_64/plugins/com.st.stm32cube.ide.mcu.externaltools.gnu-tools-for-stm32.10.3-2021.10.linux64_1.0.200.202301161003/tools/bin/../lib/gcc/arm-none-eabi/10.3.1/../../../../arm-none-eabi/lib/thumb/v7e-m+fp/hard/libc_nano.a(lib_a-memmove.o)
                0x0000000008007ad4                memmove
 .text.memset   0x0000000008007b08       0x10 /home/nir/.eclipse/com.st.stm32cube.ide.mcu.rcp.product_1.11.0_139060369_linux_gtk_x86_64/plugins/com.st.stm32cube.ide.mcu.externaltools.gnu-tools-for-stm32.10.3-2021.10.linux64_1.0.200.202301161003/tools/bin/../lib/gcc/arm-none-eabi/10.3.1/../../../../arm-none-eabi/lib/thumb/v7e-m+fp/hard/libc_nano.a(lib_a-memset.o)
                0x0000000008007b08                memset
 .text._free_r  0x0000000008007b18       0x98 /home/nir/.eclipse/com.st.stm32cube.ide.mcu.rcp.product_1.11.0_139060369_linux_gtk_x86_64/plugins/com.st.stm32cube.ide.mcu.externaltools.gnu-tools-for-stm32.10.3-2021.10.linux64_1.0.200.202301161003/tools/bin/../lib/gcc/arm-none-eabi/10.3.1/../../../../arm-none-eabi/lib/thumb/v7e-m+fp/hard/libc_nano.a(lib_a-nano-freer.o)
                0x0000000008007b18                _free_r
 .text.sbrk_aligned
                0x0000000008007bb0       0x40 /home/nir/.eclipse/com.st.stm32cube.ide.mcu.rcp.product_1.11.0_139060369_linux_gtk_x86_64/plugins/com.st.stm32cube.ide.mcu.externaltools.gnu-tools-for-stm32.10.3-2021.10.linux64_1.0.200.202301161003/tools/bin/../lib/gcc/arm-none-eabi/10.3.1/../../../../arm-none-eabi/lib/thumb/v7e-m+fp/hard/libc_nano.a(lib_a-nano-mallocr.o)
 .text._malloc_r
                0x0000000008007bf0       0xe8 /home/nir/.eclipse/com.st.stm32cube.ide.mcu.rcp.product_1.11.0_139060369_linux_gtk_x86_64/plugins/com.st.stm32cube.ide.mcu.externaltools.gnu-tools-for-stm32.10.3-2021.10.linux64_1.0.200.202301161003/tools/bin/../lib/gcc/arm-none-eabi/10.3.1/../../../../arm-none-eabi/lib/thumb/v7e-m+fp/hard/libc_nano.a(lib_a-nano-mallocr.o)
                0x0000000008007bf0                _malloc_r
 .text._sbrk_r  0x0000000008007cd8       0x20 /home/nir/.eclipse/com.st.stm32cube.ide.mcu.rcp.product_1.11.0_139060369_linux_gtk_x86_64/plugins/com.st.stm32cube.ide.mcu.externaltools.gnu-tools-for-stm32.10.3-2021.10.linux64_1.0.200.202301161003/tools/bin/../lib/gcc/arm-none-eabi/10.3.1/../../../../arm-none-eabi/lib/thumb/v7e-m+fp/hard/libc_nano.a(lib_a-sbrkr.o)
                0x0000000008007cd8                _sbrk_r
 .text._raise_r
                0x0000000008007cf8       0x50 /home/nir/.eclipse/com.st.stm32cube.ide.mcu.rcp.product_1.11.0_139060369_linux_gtk_x86_64/plugins/com.st.stm32cube.ide.mcu.externaltools.gnu-tools-for-stm32.10.3-2021.10.linux64_1.0.200.202301161003/tools/bin/../lib/gcc/arm-none-eabi/10.3.1/../../../../arm-none-eabi/lib/thumb/v7e-m+fp/hard/libc_nano.a(lib_a-signal.o)
                0x0000000008007cf8                _raise_r
 .text.raise    0x0000000008007d48       0x10 /home/nir/.eclipse/com.st.stm32cube.ide.mcu.rcp.product_1.11.0_139060369_linux_gtk_x86_64/plugins/com.st.stm32cube.ide.mcu.externaltools.gnu-tools-for-stm32.10.3-2021.10.linux64_1.0.200.202301161003/tools/bin/../lib/gcc/arm-none-eabi/10.3.1/../../../../arm-none-eabi/lib/thumb/v7e-m+fp/hard/libc_nano.a(lib_a-signal.o)
                0x0000000008007d48                raise
 .text._kill_r  0x0000000008007d58       0x24 /home/nir/.eclipse/com.st.stm32cube.ide.mcu.rcp.product_1.11.0_139060369_linux_gtk_x86_64/plugins/com.st.stm32cube.ide.mcu.externaltools.gnu-tools-for-stm32.10.3-2021.10.linux64_1.0.200.202301161003/tools/bin/../lib/gcc/arm-none-eabi/10.3.1/../../../../arm-none-eabi/lib/thumb/v7e-m+fp/hard/libc_nano.a(lib_a-signalr.o)
                0x0000000008007d58                _kill_r
 .text._getpid_r
                0x0000000008007d7c        0x4 /home/nir/.eclipse/com.st.stm32cube.ide.mcu.rcp.product_1.11.0_139060369_linux_gtk_x86_64/plugins/com.st.stm32cube.ide.mcu.externaltools.gnu-tools-for-stm32.10.3-2021.10.linux64_1.0.200.202301161003/tools/bin/../lib/gcc/arm-none-eabi/10.3.1/../../../../arm-none-eabi/lib/thumb/v7e-m+fp/hard/libc_nano.a(lib_a-signalr.o)
                0x0000000008007d7c                _getpid_r
 .text.__malloc_lock
                0x0000000008007d80        0xc /home/nir/.eclipse/com.st.stm32cube.ide.mcu.rcp.product_1.11.0_139060369_linux_gtk_x86_64/plugins/com.st.stm32cube.ide.mcu.externaltools.gnu-tools-for-stm32.10.3-2021.10.linux64_1.0.200.202301161003/tools/bin/../lib/gcc/arm-none-eabi/10.3.1/../../../../arm-none-eabi/lib/thumb/v7e-m+fp/hard/libc_nano.a(lib_a-mlock.o)
                0x0000000008007d80                __malloc_lock
 .text.__malloc_unlock
                0x0000000008007d8c        0xc /home/nir/.eclipse/com.st.stm32cube.ide.mcu.rcp.product_1.11.0_139060369_linux_gtk_x86_64/plugins/com.st.stm32cube.ide.mcu.externaltools.gnu-tools-for-stm32.10.3-2021.10.linux64_1.0.200.202301161003/tools/bin/../lib/gcc/arm-none-eabi/10.3.1/../../../../arm-none-eabi/lib/thumb/v7e-m+fp/hard/libc_nano.a(lib_a-mlock.o)
                0x0000000008007d8c                __malloc_unlock
 .text.__retarget_lock_acquire_recursive
                0x0000000008007d98        0x2 /home/nir/.eclipse/com.st.stm32cube.ide.mcu.rcp.product_1.11.0_139060369_linux_gtk_x86_64/plugins/com.st.stm32cube.ide.mcu.externaltools.gnu-tools-for-stm32.10.3-2021.10.linux64_1.0.200.202301161003/tools/bin/../lib/gcc/arm-none-eabi/10.3.1/../../../../arm-none-eabi/lib/thumb/v7e-m+fp/hard/libc_nano.a(lib_a-lock.o)
                0x0000000008007d98                __retarget_lock_acquire_recursive
 .text.__retarget_lock_release_recursive
                0x0000000008007d9a        0x2 /home/nir/.eclipse/com.st.stm32cube.ide.mcu.rcp.product_1.11.0_139060369_linux_gtk_x86_64/plugins/com.st.stm32cube.ide.mcu.externaltools.gnu-tools-for-stm32.10.3-2021.10.linux64_1.0.200.202301161003/tools/bin/../lib/gcc/arm-none-eabi/10.3.1/../../../../arm-none-eabi/lib/thumb/v7e-m+fp/hard/libc_nano.a(lib_a-lock.o)
                0x0000000008007d9a                __retarget_lock_release_recursive
 *(.glue_7)
 .glue_7        0x0000000008007d9c        0x0 linker stubs
 *(.glue_7t)
 .glue_7t       0x0000000008007d9c        0x0 linker stubs
 *(.eh_frame)
 .eh_frame      0x0000000008007d9c        0x0 /home/nir/.eclipse/com.st.stm32cube.ide.mcu.rcp.product_1.11.0_139060369_linux_gtk_x86_64/plugins/com.st.stm32cube.ide.mcu.externaltools.gnu-tools-for-stm32.10.3-2021.10.linux64_1.0.200.202301161003/tools/bin/../lib/gcc/arm-none-eabi/10.3.1/thumb/v7e-m+fp/hard/crtbegin.o
 *(.init)
 .init          0x0000000008007d9c        0x4 /home/nir/.eclipse/com.st.stm32cube.ide.mcu.rcp.product_1.11.0_139060369_linux_gtk_x86_64/plugins/com.st.stm32cube.ide.mcu.externaltools.gnu-tools-for-stm32.10.3-2021.10.linux64_1.0.200.202301161003/tools/bin/../lib/gcc/arm-none-eabi/10.3.1/thumb/v7e-m+fp/hard/crti.o
                0x0000000008007d9c                _init
 .init          0x0000000008007da0        0x8 /home/nir/.eclipse/com.st.stm32cube.ide.mcu.rcp.product_1.11.0_139060369_linux_gtk_x86_64/plugins/com.st.stm32cube.ide.mcu.externaltools.gnu-tools-for-stm32.10.3-2021.10.linux64_1.0.200.202301161003/tools/bin/../lib/gcc/arm-none-eabi/10.3.1/thumb/v7e-m+fp/hard/crtn.o
 *(.fini)
 .fini          0x0000000008007da8        0x4 /home/nir/.eclipse/com.st.stm32cube.ide.mcu.rcp.product_1.11.0_139060369_linux_gtk_x86_64/plugins/com.st.stm32cube.ide.mcu.externaltools.gnu-tools-for-stm32.10.3-2021.10.linux64_1.0.200.202301161003/tools/bin/../lib/gcc/arm-none-eabi/10.3.1/thumb/v7e-m+fp/hard/crti.o
                0x0000000008007da8                _fini
 .fini          0x0000000008007dac        0x8 /home/nir/.eclipse/com.st.stm32cube.ide.mcu.rcp.product_1.11.0_139060369_linux_gtk_x86_64/plugins/com.st.stm32cube.ide.mcu.externaltools.gnu-tools-for-stm32.10.3-2021.10.linux64_1.0.200.202301161003/tools/bin/../lib/gcc/arm-none-eabi/10.3.1/thumb/v7e-m+fp/hard/crtn.o
                0x0000000008007db4                . = ALIGN (0x4)
                0x0000000008007db4                _etext = .

.vfp11_veneer   0x0000000008007db4        0x0
 .vfp11_veneer  0x0000000008007db4        0x0 linker stubs

.v4_bx          0x0000000008007db4        0x0
 .v4_bx         0x0000000008007db4        0x0 linker stubs

.iplt           0x0000000008007db4        0x0
 .iplt          0x0000000008007db4        0x0 /home/nir/.eclipse/com.st.stm32cube.ide.mcu.rcp.product_1.11.0_139060369_linux_gtk_x86_64/plugins/com.st.stm32cube.ide.mcu.externaltools.gnu-tools-for-stm32.10.3-2021.10.linux64_1.0.200.202301161003/tools/bin/../lib/gcc/arm-none-eabi/10.3.1/thumb/v7e-m+fp/hard/crtbegin.o

.rodata         0x0000000008007db4       0x54
                0x0000000008007db4                . = ALIGN (0x4)
 *(.rodata)
 .rodata        0x0000000008007db4       0x31 ./App/CommController/CommController.o
 *(.rodata*)
 *fill*         0x0000000008007de5        0x3 
 .rodata.AHBPrescTable
                0x0000000008007de8       0x10 ./Core/Src/system_stm32f4xx.o
                0x0000000008007de8                AHBPrescTable
 .rodata.APBPrescTable
                0x0000000008007df8        0x8 ./Core/Src/system_stm32f4xx.o
                0x0000000008007df8                APBPrescTable
 .rodata.flagBitshiftOffset.0
                0x0000000008007e00        0x8 ./Drivers/STM32F4xx_HAL_Driver/Src/stm32f4xx_hal_dma.o
                0x0000000008007e08                . = ALIGN (0x4)

.ARM.extab      0x0000000008007e08        0x0
                0x0000000008007e08                . = ALIGN (0x4)
 *(.ARM.extab* .gnu.linkonce.armextab.*)
                0x0000000008007e08                . = ALIGN (0x4)

.ARM            0x0000000008007e08        0x8
                0x0000000008007e08                . = ALIGN (0x4)
                0x0000000008007e08                __exidx_start = .
 *(.ARM.exidx*)
 .ARM.exidx     0x0000000008007e08        0x8 /home/nir/.eclipse/com.st.stm32cube.ide.mcu.rcp.product_1.11.0_139060369_linux_gtk_x86_64/plugins/com.st.stm32cube.ide.mcu.externaltools.gnu-tools-for-stm32.10.3-2021.10.linux64_1.0.200.202301161003/tools/bin/../lib/gcc/arm-none-eabi/10.3.1/thumb/v7e-m+fp/hard/libgcc.a(_udivmoddi4.o)
                0x0000000008007e10                __exidx_end = .
                0x0000000008007e10                . = ALIGN (0x4)

.rel.dyn        0x0000000008007e10        0x0
 .rel.iplt      0x0000000008007e10        0x0 /home/nir/.eclipse/com.st.stm32cube.ide.mcu.rcp.product_1.11.0_139060369_linux_gtk_x86_64/plugins/com.st.stm32cube.ide.mcu.externaltools.gnu-tools-for-stm32.10.3-2021.10.linux64_1.0.200.202301161003/tools/bin/../lib/gcc/arm-none-eabi/10.3.1/thumb/v7e-m+fp/hard/crtbegin.o

.preinit_array  0x0000000008007e10        0x0
                0x0000000008007e10                . = ALIGN (0x4)
                0x0000000008007e10                PROVIDE (__preinit_array_start = .)
 *(.preinit_array*)
                0x0000000008007e10                PROVIDE (__preinit_array_end = .)
                0x0000000008007e10                . = ALIGN (0x4)

.init_array     0x0000000008007e10        0x8
                0x0000000008007e10                . = ALIGN (0x4)
                0x0000000008007e10                PROVIDE (__init_array_start = .)
 *(SORT_BY_NAME(.init_array.*))
 *(.init_array*)
 .init_array    0x0000000008007e10        0x4 /home/nir/.eclipse/com.st.stm32cube.ide.mcu.rcp.product_1.11.0_139060369_linux_gtk_x86_64/plugins/com.st.stm32cube.ide.mcu.externaltools.gnu-tools-for-stm32.10.3-2021.10.linux64_1.0.200.202301161003/tools/bin/../lib/gcc/arm-none-eabi/10.3.1/thumb/v7e-m+fp/hard/crtbegin.o
 .init_array    0x0000000008007e14        0x4 ./App/loop.o
                0x0000000008007e18                PROVIDE (__init_array_end = .)
                0x0000000008007e18                . = ALIGN (0x4)

.fini_array     0x0000000008007e18        0x8
                0x0000000008007e18                . = ALIGN (0x4)
                [!provide]                        PROVIDE (__fini_array_start = .)
 *(SORT_BY_NAME(.fini_array.*))
 *(.fini_array*)
 .fini_array    0x0000000008007e18        0x4 /home/nir/.eclipse/com.st.stm32cube.ide.mcu.rcp.product_1.11.0_139060369_linux_gtk_x86_64/plugins/com.st.stm32cube.ide.mcu.externaltools.gnu-tools-for-stm32.10.3-2021.10.linux64_1.0.200.202301161003/tools/bin/../lib/gcc/arm-none-eabi/10.3.1/thumb/v7e-m+fp/hard/crtbegin.o
 .fini_array    0x0000000008007e1c        0x4 ./App/loop.o
                [!provide]                        PROVIDE (__fini_array_end = .)
                0x0000000008007e20                . = ALIGN (0x4)
                0x0000000008007e20                _sidata = LOADADDR (.data)

.data           0x0000000020000000       0x74 load address 0x0000000008007e20
                0x0000000020000000                . = ALIGN (0x4)
                0x0000000020000000                _sdata = .
 *(.data)
 *(.data*)
 .data.Err      0x0000000020000000        0x1 ./App/loop.o
                0x0000000020000000                Err
 *fill*         0x0000000020000001        0x3 
 .data.SystemCoreClock
                0x0000000020000004        0x4 ./Core/Src/system_stm32f4xx.o
                0x0000000020000004                SystemCoreClock
 .data.uwTickPrio
                0x0000000020000008        0x4 ./Drivers/STM32F4xx_HAL_Driver/Src/stm32f4xx_hal.o
                0x0000000020000008                uwTickPrio
 .data.uwTickFreq
                0x000000002000000c        0x1 ./Drivers/STM32F4xx_HAL_Driver/Src/stm32f4xx_hal.o
                0x000000002000000c                uwTickFreq
 *fill*         0x000000002000000d        0x3 
 .data._impure_ptr
                0x0000000020000010        0x4 /home/nir/.eclipse/com.st.stm32cube.ide.mcu.rcp.product_1.11.0_139060369_linux_gtk_x86_64/plugins/com.st.stm32cube.ide.mcu.externaltools.gnu-tools-for-stm32.10.3-2021.10.linux64_1.0.200.202301161003/tools/bin/../lib/gcc/arm-none-eabi/10.3.1/../../../../arm-none-eabi/lib/thumb/v7e-m+fp/hard/libc_nano.a(lib_a-impure.o)
                0x0000000020000010                _impure_ptr
 .data.impure_data
                0x0000000020000014       0x60 /home/nir/.eclipse/com.st.stm32cube.ide.mcu.rcp.product_1.11.0_139060369_linux_gtk_x86_64/plugins/com.st.stm32cube.ide.mcu.externaltools.gnu-tools-for-stm32.10.3-2021.10.linux64_1.0.200.202301161003/tools/bin/../lib/gcc/arm-none-eabi/10.3.1/../../../../arm-none-eabi/lib/thumb/v7e-m+fp/hard/libc_nano.a(lib_a-impure.o)
 *(.RamFunc)
 *(.RamFunc*)
                0x0000000020000074                . = ALIGN (0x4)
                0x0000000020000074                _edata = .

.igot.plt       0x0000000020000074        0x0 load address 0x0000000008007e94